
          ОПХ "Комсомолець"                       Код по ЄДРПОУ: 05460462  
                                                  Телефон: 2-20-24   






                            ДОВIДКА
                          о доходах

          Видана гр. Акулова Валентина Iванiвна  (таб.No 1001)
          в тому, що вона працює на пiдприємствi:
          ОПХ "Комсомолець"                       
          форма працевлаштування:основне мiсце работи
          в посадi:Операт.машин.доения 
          iндивiдуальний iдентифiкацiйний номер 1978800887
          ─────────┬────────┬────────────┬────────────┬────────────┬────────────
                   │        │ Нарахована │   Iншi     │  Допомога  │            
          Мiсяцi   │ Кiль.  │заробiтна   │ нарахування│  сiм'ям з  │Виплаченi   
          року     │ днiв   │плата,в т.ч │ в т.ч в    │   дiтьми   │алiменти    
                   │        │в натуральн.│ натуральн. │   (грн)    │ (грн)      
                   │        │формi (грн) │формi (грн) │            │            
          ─────────┴────────┴────────────┴────────────┴────────────┴────────────
          Сiчень      31.00       131.93         0.00         0.00         0.00
          Лютий       31.00       158.51         0.00         0.00         0.00
          Березень    24.00       227.78         0.00         0.00         0.00
          ---------------------------------------------------------------------- Н

          Разом:      86.00       518.22         0.00         0.00         0.00

          Загальна сума додходу за перiод: Сiчень,2002р. -Березень,2002р.
          за вирахуванням алiментiв становить:

               п'ятсот вiсiмнадцять грв. 22 кoп

          Довiка видана для пред'явлення в вiддiл житлово-коммунальних субсiдiй.




                       Голова               Денчик П.А.                   
           МП  
                       Гол.бухгалтер        Лейко Л.А.                    

