               Структура файла PREM

     TABN        C 4            Таб. номер
     PRC         N 3            Процент премии 1
     OTDN1       N 5      1     Отработано дней для начисления
                                премии 1
     OTHS1       N 5            Отработано часов для начисления
                                премии 1
     SUM1        N 7      2     Сумма для начисления премии 1
     PREM        N 7      2     Премия 1

     OTDN2       N 5      1     Отработано дни прочее
     OTHS2       N 5            Отработано часы прочее
     SUM2        N 7      2     Сумма прочее

     OTDN6       N 5      1     Отработано дней для начисления
                                колбасы
     OTHS6       N 5            Отработано часов для начисления
                                колбасы
     SUM6        N 7      2     Сумма для начисления колбасы
     SUM3        N 7      2     За колбасу

     SUM4        N 7      2     Распределено премии 1
     REC         N 5            Номер записи 1
     SUMMAX      N 7      2     Максимальная сумма премии 1
     BD          C 1            База данных премии 1

     PRC5        N 3            Процент премии 2
     OTDN5       N 5      1     Отработано дней для начисления
                                премии 2
     OTHS5       N 5            Отработано часов для начисления
                                премии 2
     SUM5        N 7      2     Сумма для начисления премии 2
     PREM5       N 7      2     Премия 2

     SUM7        N 7      2     Распределено премии 2
     REC2        N 5            Номер записи 2
     SUMMAX2     N 7      2     Максимальная сумма премии 2
     BD2         C 1            База данных премии 2

         Структура файла MEMVAR

  Код премiї 1> m_kopu1

  Вiдсоток 1>   m_prc1

  Код премiї 2> m_kopu2

  Вiдсоток 2>   m_prc2

  Код ковб. >   m_kopu3

  Вiдс. ковб>   m_prc3
