BHERRORS.ARM
SP.RAR
ST\FMSTR01.DBF
ST\FMSTR02.DBF
ST\FMSTR13.DBF
ST\FMSTR19.DBF
ST\FMSTR20.DBF
ST\FMSTR21.DBF
ST\FMSTR23.DBF
ST\FMSTR31.DBF
ST\FMSTR35.DBF
ST\FMSTR39.DBF
ST\FMSTR51.DBF
ST\FMSTR55.DBF
ST\FMSTR59.DBF
ST\MN.DBF
ST\MN1.DBF
ST\MN2.DBF
ST\BUF4.DBF
ST\FLISH1ST.DBF
ST\FOTVR_ST.DBF
ST\FMSTR04.DBF
ST\FMSTR05.DBF
ST\FMSTR22.DBF
ST\BUF1.DBF
ST\BUF3.DBF
ST\FLISH0ST.DBF
ST\BUF5.DBF
ST\FMSTR90.DBF
ST\FMSTR91.DBF
ST\FMSTR96.DBF
ST\FMSTR76.DBF
ST\FMSTR77.DBF
ST\FMSTR70.DBF
ST\FMSTR71.DBF
ST\FMSTR72.DBF
ST\FMSTR75.DBF
ST\FMSTR03.DBF
ST\FMSTR86.DBF
ST\FMSTR84.DBF
ST\FMSTR85.DBF
ST\BUF2.DBF
ST\FINDX.DBF
ST\F_SVR.DBF
ST\FM_INV.DBF
ST\FM_INVA.DBF
ST\FINDX2.DBF
ST\FZIP_ZRP.DBF
ST\FDOPL.DBF
ST\FKOMP.DBF
ST\FMSTR87.DBF
ST\BUF6.DBF
ST\BUF7.DBF
ST\BUFPR.DBF
ST\BUF8.DBF
ST\F_ZPSCH.DBF
ST\STRUCT.DBF
BF\FGLV.DBF
BF\FD1.DBF
BF\FGNAVT.DBF
BF\FKVO2.DBF
BF\FNTR.DBF
BF\FTABN.DBF
BF\FUNNUM.DBF
BF\FZ1AP.DBF
BF\FZ1AT.DBF
BF\FZ1TP.DBF
BF\FZ2.DBF
BF\FZ2A.DBF
BF\FZ2T.DBF
BF\FZ2B.DBF
BF\FZ2TP.DBF
BF\FP1.DBF
BF\FP2.DBF
BF\FVNUM.DBR
BF\FD2.NTX
BF\BOLN1.DBF
BF\FGLV.NTX
BF\FGNAVT.NTX
BF\FZ1AE.DBF
BF\FKVO2.NTX
BF\FNTR.NTX
BF\FTABN.NTX
BF\BOLN2.DBF
BF\FZ1AP.NTX
BF\FZ1AT.NTX
BF\FZ1T.NTX
BF\FZ1TP.NTX
BF\FZ2.NTX
BF\FZ2A.NTX
BF\FZ2B.NTX
BF\FZ2T.NTX
BF\FZ2TP.NTX
BF\FZ3.NTX
BF\DISK.DSK
BF\FDBCR.NTX
BF\BOLN1.NTX
BF\BOLN2.NTX
BF\BOLN1.VEW
BF\FZ1.DBF
BF\FP1.NTX
BF\LIST.TXT
BF\FZ1T.DBF
BF\FZ1AE.NTX
BF\ZAP1.PRG
BF\ZAP1.BAK
BF\FP1A.NTX
BF\FP2.NTX
BF\FP2B.NTX
BF\FP2C.NTX
BF\FD2.DBF
BF\FDBCR.DBF
BF\FZ3.DBF
BF\FP2A.NTX
CP\SP_INIT.DBF
CP\SP_REL.DBF
CP\SP_STRU.DBF
CP\BUF13.DBF
CP\BUF13.NTX
CP\FLISH.DBF
CP\FP1.DBF
CP\FP2.DBF
CP\FP2.NTX
JS\FDOR.DBF
JS\FUSER.DBF
JS\FVNUM.DBF
JS\INIT.DBF
JS\INST1.DBF
JS\INSTDBT.DBF
JS\MEMVAR.DBF
JS\MENU.DBF
JS\MENU99.DBF
JS\MENU_DOP.DBF
JS\MENU_NEW.DBF
JS\PR01.DBF
JS\PRINTER.DBF
JS\S_1_2.DBF
JS\S_1_2A.DBF
JS\S_ZRPL.DBF
JS\SOVHOZ.DBF
JS\MAIN.SCR
JS\SP_NAIM.DBF
JS\DBROWSE.DBF
JS\SP_PRINT.DBF
JS\SP_REL.DBF
JS\SP_STRU.DBF
JS\STATUS.ME
JS\FUSER.NTX
JS\INST1.NTX
JS\MEMVAR.NTX
JS\MENU.NTX
JS\MENU99.NTX
JS\MENU_NEW.NTX
JS\SP_NAIM.NTX
JS\SP_PRINT.NTX
JS\SP_REL.NTX
JS\SP_STRU.NTX
JS\INV_A.PRN
JS\INV_GR.PRN
JS\INV_GV.PRN
JS\INV_MN.PRN
JS\INV_MO.PRN
JS\INV_P.PRN
JS\INV_T.PRN
JS\INV_ZD.PRN
JS\SP01.PRN
JS\SP02.PRN
JS\SP03.PRN
JS\SP04.PRN
JS\SP05.PRN
JS\SP06.PRN
JS\SP07.PRN
JS\SP08.PRN
JS\SP_PL1.DBF
JS\SP_PL1.NTX
JS\SP_PL2.DBF
JS\SP_PL2.NTX
JS\SP09.PRN
JS\SP10.PRN
JS\SP13A.PRN
JS\SP13B.PRN
JS\SETPRINT.DBF
JS\SETPRINT.NTX
JS\SP_INIT.DBF
JS\SP16.PRN
JS\SP20A.PRN
JS\SP20B.PRN
JS\SP20C.PRN
JS\SP21.PRN
JS\SP22.PRN
JS\SP23.PRN
JS\SP24.PRN
JS\SP25.PRN
JS\MENU_DOP.NTX
JS\SP26.PRN
JS\INV1.SCR
JS\DBRTB.DBF
JS\INV2.SCR
JS\INIDPL.DBF
JS\INV3.SCR
JS\INV4.SCR
JS\NDS.DBF
JS\PR00.DBF
JS\INV5.SCR
JS\PR02.DBF
JS\PR03.DBF
JS\PR04.DBF
JS\PR05.DBF
JS\SCREEN.SCR
JS\SP02.SCR
JS\SP03.SCR
JS\SPVIEW.DBF
JS\DBROWSE.NTX
JS\DBRTB.NTX
JS\SP09.SCR
JS\PR00.NTX
JS\PR01.NTX
JS\PR02.NTX
JS\PR03.NTX
JS\PR04.NTX
JS\PR05.NTX
JS\SPVIEW.NTX
JS\SP10.SCR
JS\SP16.SCR
JS\MAKET.DBF
JS\SP22.SCR
JS\SCREEN.DBF
JS\STRUCT.DBF
JS\TBGET.DBF
JS\SCREEN.DBT
JS\MAKET.NTX
JS\SP23.SCR
JS\SCREEN.NTX
JS\STRUCT.NTX
JS\TBGET.NTX
JS\SP24.SCR
JS\SP25.SCR
JS\SP26.SCR
JS\VVOD2.SCR
JS\EDIZM.TXT
JS\GRUP.DBF
JS\ITOG.DBF
JS\ITOG.NTX
JS\KOPR.DBF
JS\D1.DBF
JS\S1.DBF
JS\SC1.DBF
JS\SC1.DBT
JS\I1.DBF
JS\N10.ARJ
MS\49.TXT
MS\02.TXT
MS\09.TXT
MS\10.TXT
MS\11.TXT
MS\25.TXT
MS\26.TXT
MS\46.TXT
MS\75.TXT
MS\22.TXT
MS\04.TXT
MS\03.TXT
MS\01.TXT
MS\23.TXT
MS\07.TXT
MS\05.TXT
MS\13.TXT
MS\14.TXT
MS\15.TXT
MS\45_JAN.TXT
MS\71.TXT
MS\76.TXT
MS\78.TXT
MS\77.TXT
MS\79.TXT
MS\84.TXT
MS\08.TXT
MS\STATUS.ME
MS\85.TXT
MS\51.TXT
MS\53.TXT
MS\55.TXT
MS\57.TXT
MS\59.TXT
MS\60.TXT
MS\31.TXT
MS\33.TXT
MS\35.TXT
MS\37.TXT
MS\39.TXT
MS\40.TXT
MS\86.TXT
MS\87.TXT
MS\88.TXT
MS\89.TXT
MS\90.TXT
MS\91.TXT
MS\92.TXT
MS\93.TXT
MS\96.TXT
MS\97.TXT
MS\19.TXT
MS\86.BAK
MS\M82.DBF
MS\21.TXT
MS\M68.DBF
MS\48.TXT
MS\12.BAK
MS\09.BAK
MS\87.BAK
MS\70.TXT
MS\45_FEB.TXT
MS\45.TXT
MS\M76.DBF
MS\M76.NTX
MS\M62.DBF
MS\M62.NTX
MS\M66.DBF
MS\M66.NTX
MS\4503.TXT
MS\M67.DBF
MS\M67.NTX
MS\67.LST
MS\M75.DBF
MS\M75A.DBF
MS\M75A.NTX
MS\M75.NTX
MS\76.LST
MS\75.LST
MS\M63.DBF
MS\M63.NTX
MS\M65.DBF
MS\M65.NTX
MS\65.LST
MS\M70.DBF
MS\M70.NTX
MS\M83.DBF
MS\M68.NTX
MS\M69.DBF
MS\M69.NTX
MS\68.LST
MS\69.LST
MS\M72.DBF
MS\M72A.DBF
MS\M72A.NTX
MS\M72.NTX
MS\M74.DBF
MS\M74A.DBF
MS\M74.NTX
MS\4504.TXT
MS\72.LST
MS\66.LST
MS\70.LST
MS\M64.DBF
MS\M64.NTX
MS\63.LST
MS\64.LST
MS\74.LST
MS\4505.TXT
MS\62.LST
MS\4506.TXT
MS\4507.TXT
MS\4508.TXT
MS\M81.DBF
MS\M81.NTX
MS\4509.TXT
MS\M83.NTX
MS\81.LST
MS\M84.DBF
MS\M82.NTX
MS\82.LST
MS\83.LST
MS\4510.TXT
MS\M84.NTX
MS\4511.TXT
MS\4512.TXT
MS\4501.TXT
MS\84.LST
MS\4502.TXT
MS\11.BAK
NF\FMTAB05.DBF
NF\FMGRP13.DBF
NF\FMGRP14.DBF
NF\FMGRP15.DBF
NF\FMGRP16.DBF
NF\FMGRP17.DBF
NF\FMGRP18.DBF
NF\FMGRP19.DBF
NF\FMGRP20.DBF
NF\FMGRP21.DBF
NF\FMGRP23.DBF
NF\FMGRP31.DBF
NF\FMGRP32.DBF
NF\FMGRP33.DBF
NF\FMGRP34.DBF
NF\FMGRP35.DBF
NF\FMGRP36.DBF
NF\FMGRP37.DBF
NF\FMGRP38.DBF
NF\FMGRP39.DBF
NF\FMGRP40.DBF
NF\FMGRP51.DBF
NF\FMGRP52.DBF
NF\FMGRP53.DBF
NF\FMGRP54.DBF
NF\FMGRP55.DBF
NF\FMGRP56.DBF
NF\FMGRP57.DBF
NF\FMGRP58.DBF
NF\FMGRP59.DBF
NF\FMGRP60.DBF
NF\FMTAB13.DBF
NF\FMTAB14.DBF
NF\FMTAB15.DBF
NF\FMTAB16.DBF
NF\FMTAB17.DBF
NF\FMTAB18.DBF
NF\FMTAB19.DBF
NF\FMTAB20.DBF
NF\FMTAB21.DBF
NF\FMTAB23.DBF
NF\FMTAB31.DBF
NF\FMTAB32.DBF
NF\FMTAB33.DBF
NF\FMTAB34.DBF
NF\FMTAB35.DBF
NF\FMTAB36.DBF
NF\FMTAB37.DBF
NF\FMTAB38.DBF
NF\FMTAB39.DBF
NF\FMTAB40.DBF
NF\FMTAB51.DBF
NF\FMTAB52.DBF
NF\FMTAB53.DBF
NF\FMTAB54.DBF
NF\FMTAB55.DBF
NF\FMTAB56.DBF
NF\FMTAB57.DBF
NF\FMTAB58.DBF
NF\FMTAB59.DBF
NF\FMTAB60.DBF
NF\INSTALL.BAT
NF\MSH.NTX
NF\001.TXT
NF\002.TXT
NF\020.TXT
NF\021.TXT
NF\030.TXT
NF\031.TXT
NF\032.TXT
NF\036.TXT
NF\039.TXT
NF\040.TXT
NF\FMSHP24.TXT
NF\LOPENA.DBF
NF\FMSHP14.TXT
NF\FMSHP15.TXT
NF\FMSHP16.TXT
NF\FMSHP17.TXT
NF\FMSHP18.TXT
NF\FMSHP19.TXT
NF\FMSHP20.TXT
NF\FMSHP21.TXT
NF\FMSHP07.TXT
NF\FMSHP31.TXT
NF\FMSHP32.TXT
NF\FMSHP33.TXT
NF\FMSHP34.TXT
NF\FMSHP35.TXT
NF\FMSHP36.TXT
NF\FMSHP37.TXT
NF\FMSHP38.TXT
NF\FMSHP39.TXT
NF\FMSHP40.TXT
NF\FMSHP51.TXT
NF\FMSHP52.TXT
NF\FMSHP53.TXT
NF\FMSHP54.TXT
NF\FMSHP55.TXT
NF\FMSHP56.TXT
NF\FMSHP57.TXT
NF\FMSHP58.TXT
NF\FMSHP59.TXT
NF\FMSHP60.TXT
NF\FMGRP96.DBF
NF\FMSHP86.TXT
NF\BLOCK.DBF
NF\WDF.WDF
NF\LOPEN.DBF
NF\LRELAT.DBF
NF\REESTR.DBF
NF\VVF-4C-1.SCR
NF\FMSHP01.TXT
NF\VVF-4C-2.SCR
NF\VVF-4C2P.SCR
NF\LZK.TXT
NF\LZK0.TXT
NF\LZK001.TXT
NF\LZK1.TXT
NF\FMSTR02.DBF
NF\FMSHP02.TXT
NF\FMSHP22.TXT
NF\FMSTR22.DBF
NF\FMGRP04.DBF
NF\FMGRP05.DBF
NF\FMGRP07.DBF
NF\FMGRP08.DBF
NF\FMGRP24.DBF
NF\FMTAB04.DBF
NF\FMTAB06.DBF
NF\FMTAB07.DBF
NF\FMTAB08.DBF
NF\FMTAB24.DBF
NF\FMSHP04.TXT
NF\FMGRP06.DBF
NF\FMSHP08.TXT
NF\FMSHP90.TXT
NF\FMSHP10.TXT
NF\FMSHP09.TXT
NF\FMSHP11.TXT
NF\FMSHP91.TXT
NF\FMSHP92.TXT
NF\FMSHP93.TXT
NF\FMGRP97.DBF
NF\FMTAB96.DBF
NF\FMTAB97.DBF
NF\FMSHP96.TXT
NF\FMSHP97.TXT
NF\FMSHP05.TXT
NF\FMTAB03.DBF
NF\FMSHP06.TXT
NF\FMSHP70.TXT
NF\FMSHP75.TXT
NF\FMSHP77.TXT
NF\FMSHP78.TXT
NF\FMSHP79.TXT
NF\FMGRP03.DBF
NF\FMTAB25.DBF
NF\FMSHP03.TXT
NF\FMSHP12.TXT
NF\REESTR.TXT
NF\FMSHP87.TXT
NF\REESTR.NTX
NF\BLOCK.NTX
NF\LOPEN.NTX
NF\LRELAT.NTX
NF\HELP.DBF
NF\FMSHP85.TXT
NF\FMSHP88.TXT
NF\FMSHP89.TXT
NF\HELPMENU.DBF
NF\HELP.TXT
NF\037.TXT
NF\FMGRP25.DBF
NF\FMTAB26.DBF
NF\FMSHP25.TXT
NF\_FMSHP23.TXT
NF\FMSHP47.TXT
NF\FMSHP48.TXT
NF\FMSHP71.TXT
NF\FMSHP76.TXT
NF\FMSHP23.TXT
NF\FMSHP84.TXT
NF\FMGRP26.DBF
NF\FMGRP27.DBF
NF\FMGRP28.DBF
NF\FMTAB27.DBF
NF\FMTAB28.DBF
NF\FMSHP26.TXT
NF\FMSHP27.TXT
NF\FMSHP28.TXT
NF\FMSHP13.BAK
NF\FMSHP13.TXT
NF\LOPENA.NTX
NF\FMSHP49.TXT
NF\REESTRA.DBF
NF\REESTRA.NTX
NF\_FMSHP02.TXT
NF\MSH.DBF
SP\INV_A.DBF
SP\INV_GR.DBF
SP\INV_GV.DBF
SP\INV_MN.DBF
SP\INV_MO.DBF
SP\INV_P.DBF
SP\INV_T.DBF
SP\INV_ZD.DBF
SP\SP01.DBF
SP\SP02.DBF
SP\SP03.DBF
SP\SP04.DBF
SP\SP05.DBF
SP\SP06.DBF
SP\SP07.DBF
SP\SP09.DBF
SP\SP13A.DBF
SP\SP13B.DBF
SP\SP16.DBF
SP\SP22.DBF
SP\SP20A.DBF
SP\SP20B.DBF
SP\SP21.DBF
SP\SP10.DBF
SP\SP24.DBF
SP\SP20C.DBF
SP\SP25.DBF
SP\SP30.DBF
SP\SP26.DBF
SP\SP27.DBF
SP\SP26.NTX
SP\SP26A.NTX
SP\SP26B.NTX
SP\SP27.NTX
SP\SP29.DBF
SP\SP29.NTX
SP\SP01.NTX
SP\SP02.NTX
SP\SP03.NTX
SP\SP04.NTX
SP\SP05.NTX
SP\SP06.NTX
SP\SP07.NTX
SP\SP08.NTX
SP\SP09.NTX
SP\SP10.NTX
SP\SP13A.NTX
SP\SP13B.NTX
SP\SP16.NTX
SP\SP20A.NTX
SP\SP20B.NTX
SP\SP20C.NTX
SP\SP21.NTX
SP\SP22.NTX
SP\SP23.NTX
SP\SP24.NTX
SP\SP25.NTX
SP\SP30.NTX
SP\INV_A.NTX
SP\INV_P.NTX
SP\INV_T.NTX
SP\INV_ZD.NTX
SP\INV_MO.NTX
SP\INV_GV.NTX
SP\INV_GR.NTX
SP\INV_MN.NTX
SP\SP31.DBF
SP\SP31.NTX
SP\SP23.DBF
SP\SP10A.NTX
SP\SP02A.NTX
SP\SP11.DBF
SP\SP17.DBF
SP\SP18.DBF
SP\SP11.NTX
SP\SP17.NTX
SP\SP17A.NTX
SP\SP18.NTX
SP\SP19.DBF
SP\SP19.NTX
SP\SP15.DBF
SP\SP20.DBF
SP\SP15.DBT
SP\SP15.NTX
SP\SP20.NTX
SP\SP09A.NTX
SP\SP.ARJ
SP\SP08.DBF
SP\SP42.DBF
SP\SP42.NTX
SP\SP43.DBF
SP\SP43.NTX
SP\SP44.DBF
SP\SP44.NTX
SP\SP44A.NTX
SP\INV_AA.NTX
SP\INV_TA.NTX
BH\PROV.EXE
BH\_RASCHET.EXE
BH\ERRORS.ARM
BH\IND_SP.EXE
BH\INDEX.EXE
BH\PASSWORD.EXE
BH\NAKL.EXE
BH\COMPUTER.TXT
BH\INIT.DBF
BH\PLAT.EXE
BH\SVERKA.EXE
BH\_PROV.EXE
BH\RASCHET.EXE
VD\SCREEN.SCR
VD\BUFPR.DBF
VD\SP10A.NTX
VD\BUFPR.NTX
VD\BUF3.DBF
VD\BUF3.NTX
VD\BUF4.DBF
VD\BUF4.NTX
VD\BUF5.DBF
VD\BUF5.NTX
VD\BUF7.DBF
VD\BUF7.NTX
VD\BUF8.DBF
VD\BUF8.NTX
TEMP\SCREEN.SCR
TEMP\FP1.DBF
TEMP\FP2.DBF
TEMP\77473206.SCR
TEMP\77480864.SCR
TEMP\77484292.SCR
TEMP\77485728.PRN
TEMP\77493518.SCR
TEMP\77500257.SCR
TEMP\77500277.PRN
TEMP\77511351.SCR
TEMP\77512737.SCR
TEMP\77512779.PRN
TEMP\77512923.SCR
TEMP\77516116.SCR
TEMP\77516136.PRN
TEMP\77518095.SCR
TEMP\77520224.PRN
TEMP\77520301.SCR
TEMP\77523883.SCR
TEMP\77527400.SCR
TEMP\77530848.SCR
TEMP\77530867.PRN
TEMP\77532278.SCR
TEMP\77542674.SCR
TEMP\77550397.SCR
TEMP\77551423.SCR
TEMP\77558121.SCR
TEMP\77561415.SCR
TEMP\77561613.PRN
TEMP\77562035.SCR
TEMP\77562066.PRN
TEMP\77563889.SCR
TEMP\77624346.SCR
TEMP\77625502.SCR
TEMP\77652375.SCR
TEMP\77653952.SCR
TEMP\77682660.SCR
TEMP\77682691.PRN
TEMP\77683871.SCR
TEMP\77686674.SCR
TEMP\77692968.SCR
TEMP\77705878.SCR
TEMP\77713148.SCR
TEMP\77713680.SCR
TEMP\77872385.SCR
TEMP\77872715.PRN
TEMP\77873267.SCR
TEMP\77906265.SCR
TEMP\77906287.PRN
TEMP\77910805.SCR
TEMP\77925285.SCR
TEMP\77925870.SCR
TEMP\77931925.SCR
TEMP\77946445.SCR
TEMP\77957069.SCR
TEMP\77961227.SCR
TEMP\78005269.SCR
TEMP\78005763.SCR
TEMP\78006007.SCR
TEMP\78006768.SCR
TEMP\78007631.SCR
TEMP\78008039.SCR
TEMP\78010391.SCR
TEMP\78012259.SCR
TEMP\78013063.SCR
TEMP\78014625.SCR
TEMP\78033426.SCR
TEMP\78034952.SCR
TEMP\78035053.PRN
TEMP\78036378.SCR
TEMP\78036527.SCR
TEMP\BUF01.DBF
TEMP\BUF01.NTX
TEMP\78036822.SCR
TEMP\78067145.SCR
TEMP\78074080.SCR
TEMP\78074306.SCR
TEMP\78074748.SCR
TEMP\78075097.SCR
TEMP\78075307.SCR
TEMP\78075689.SCR
TEMP\78075967.SCR
TEMP\78077499.SCR
TEMP\78102048.SCR
TEMP\78164964.SCR
TEMP\78167819.SCR
1_2\BUF13A.DBF
1_2\S_1_2B.DBF
1_2\TABL1.TXT
1_2\INST1.DBF
1_2\INST1.NTX
1_2\BUF13.NTX
1_2\BUF13.DBF
CL_YEAR\CLOSE.EXE
CL_YEAR\CLOSE.ARJ
CL_YEAR\MEMVAR.DBF
CL_YEAR\MAIN.PRG
CL_YEAR\STATUS.ME
CL_YEAR\T1.LST
CL_YEAR\CLOSE.BAT
CL_YEAR\CLOSE1.BAT
CL_YEAR\CLOSE2.BAT
CL_YEAR\INSTALL.BAT
CL_YEAR\CLOSE.CLP
CL_YEAR\INIT.DBF
CL_YEAR\MENU.DBF
CL_YEAR\MEMVAR.NTX
CL_YEAR\MENU.NTX
CL_YEAR\CLOSE.OBJ
CL_YEAR\DOP.OBJ
CL_YEAR\NEW.RMK
CL_YEAR\INSTRUCT.TXT
CL_YEAR\P001.TXT
CL_YEAR\P002.TXT
CL_YEAR\P003.TXT
CL_YEAR\P004.TXT
CL_YEAR\P005.TXT
CL_YEAR\P006.TXT
CL_YEAR\P007.TXT
CL_YEAR\P008.TXT
CL_YEAR\README.TXT
CL_YEAR\MAIN.BAK
CL_YEAR\M1.PRG
CL_YEAR\I2.DBF
CL_YEAR\I3.DBF
SYSTEM\SERV1.RAR
SYSTEM\MAKET.DBF
SYSTEM\MAKET.NTX
SYSTEM\TBGET.DBF
SYSTEM\SCREEN.DBF
SYSTEM\SCREEN.DBT
SYSTEM\TBGET.NTX
SYSTEM\SPVIEW.DBF
SYSTEM\DBROWSE.DBF
SYSTEM\DBROWSE.NTX
SYSTEM\DBRTB.DBF
SYSTEM\DBRTB.NTX
SYSTEM\SPVIEW.NTX
SYSTEM\STRUCT.DBF
SYSTEM\STRUCT.NTX
SYSTEM\ITOG.NTX
SYSTEM\SCREEN.NTX
SYSTEM\ITOG.DBF
SYSTEM\MENU99.DBF
SYSTEM\MENU99.NTX
SYSTEM\MEMVAR.DBF
SYSTEM\MEMVAR.NTX
SYSTEM\FDOR.DBF
SYSTEM\PR00.DBF
SYSTEM\PR00.NTX
SYSTEM\PR01.DBF
SYSTEM\PR01.NTX
SYSTEM\PR02.DBF
SYSTEM\PR02.NTX
SYSTEM\PR03.DBF
SYSTEM\PR03.NTX
SYSTEM\PR04.DBF
SYSTEM\PR04.NTX
SYSTEM\PR05.DBF
SYSTEM\PR05.NTX
SYSTEM\PROVP.LST
SYSTEM\PROVP.BAK
SYSTEM\D1.DBF
SYSTEM\HELP.DBF
SYSTEM\HELPMENU.DBF
SYSTEM\LOPENA.DBF
SYSTEM\LRELAT.DBF
SYSTEM\M1.DBF
SYSTEM\MENU_NEW.DBF
SYSTEM\MENU_PER.DBF
SYSTEM\MSH.DBF
SYSTEM\PARMSH.DBF
SYSTEM\REESTRA.DBF
SYSTEM\SP_PL1.DBF
SYSTEM\SP_PL2.DBF
SYSTEM\LOPENA.NTX
SYSTEM\LRELAT.NTX
SYSTEM\MENU_NEW.NTX
SYSTEM\MENU_PER.NTX
SYSTEM\MSH.NTX
SYSTEM\NUM.NTX
SYSTEM\PARMSH.NTX
SYSTEM\REESTRA.NTX
SYSTEM\SP_PL1.NTX
SYSTEM\SP_PL2.NTX
SYSTEM\VSSVER.SCC
SYSTEM\HELP.TXT
SYSTEM\SOVHOZ.DBF
SYSTEM\Z1.DBF
PENS\MAIN1.BAK
PENS\SP08.BAK
PENS\INDANI.EXE
PENS\DRFO.DBF
PENS\DRFO1999.DBF
PENS\IND.DBF
PENS\INDANI.DBF
PENS\IND_1999.DBF
PENS\INIT.DBF
PENS\MEMVAR.DBF
PENS\MENUIND.DBF
PENS\S1.DBF
PENS\SP08.DBF
PENS\USER.DBF
PENS\_INDANI.DBF
PENS\STATUS.ME
PENS\MEMVAR.NTX
PENS\MENUIND.NTX
PENS\BUF1.OBJ
PENS\INDANI.OBJ
PENS\SP08.OBJ
PENS\T2.OBJ
PENS\TESTCODN.OBJ
PENS\BUF1.PRG
PENS\MAIN.PRG
PENS\MAIN1.PRG
PENS\SP08.PRG
PENS\SP10.PRG
PENS\T2.PRG
PENS\TESTCODN.PRG
PENS\ZAN.PRG
PENS\NEW.RMK
PENS\S2.TXT
PENS\VSSVER.SCC
PENS\MAIN.BAK
PENS\I1.DBF
PENS\IND.NTX
PENS\DRFO.NTX
PENS\SP10.NTX
_AMORT\MAIN.EXE
_AMORT\AMRT.DBF
_AMORT\MEMVAR.DBF
_AMORT\MENU_AMR.DBF
_AMORT\AMRT.NTX
_AMORT\MEMVAR.NTX
_AMORT\MENU_AMR.NTX
MN\AGNAVT.DBF
MN\ATABN.DBF
MN\ATBDOLG.DBF
MN\ATBGNAVT.DBF
MN\FDBCR.DBF
MN\FZL.DBF
MN\FZK.DBF
MN\FD1.DBF
MN\FOTVR.DBF
MN\FZV.DBF
MN\FGLV.DBF
MN\FZZ.DBF
MN\FGNAVT.DBF
MN\FZM.DBF
MN\FZS.DBF
MN\FKVO2.DBF
MN\FNTR.DBF
MN\FTABN.DBF
MN\FUNNUM.DBF
MN\FZ1.DBF
MN\FZ1AE.DBF
MN\FZ1AP.DBF
MN\FZ1AT.DBF
MN\FZ1T.DBF
MN\FZ1TP.DBF
MN\FZ2.DBF
MN\FZ2A.DBF
MN\FZ2B.DBF
MN\FZ2T.DBF
MN\FZ2TP.DBF
MN\FZ3.DBF
MN\D52.DBF
MN\FD2.DBF
MN\FZP.DBF
MN\FD2.NTX
MN\FDBCR.NTX
MN\FGLV.NTX
MN\FGNAVT.NTX
MN\FKVO2.NTX
MN\FNTR.NTX
MN\FTABN.NTX
MN\FZ1AE.NTX
MN\FZ1AP.NTX
MN\FZ1AT.NTX
MN\FZ1T.NTX
MN\FZ1TP.NTX
MN\FZ2.NTX
MN\FZ2A.NTX
MN\FZ2B.NTX
MN\FZ2T.NTX
MN\FZ2TP.NTX
MN\FZ3.NTX
MN\FZP.NTX
MN\FZM2.DBF
MN\HARD001.DBF
MN\HARD002.DBF
MN\VODAREND.DBF
MN\CHANGE01.PRG
MN\CHANGE01.OBJ
MN\FVNUM.DBR
MN\OTCH2.TXT
MN\CHANGE02.BAK
MN\CHANGE02.PRG
MN\CHANGE02.OBJ
MN\OTCH3.TXT
MN\FL01.DBF
MN\BOLN1.DBF
MN\BOLN2.DBF
MN\FL01.NTX
MN\FL02.DBF
MN\FNPCH.DBF
MN\FZN.DBF
MN\FZN.DBT
MN\BOLN2.NTX
MN\BOLN1.NTX
MN\FLISH.DBF
MN\FL00.DBF
MN\FL02.NTX
MN\ZAP1.PRG
MN\FP1.DBF
MN\FP2.DBF
MN\FP1A.NTX
MN\FP1.NTX
MN\FP2.NTX
MN\FP2A.NTX
MN\FP2B.NTX
MN\FP2C.NTX
PEREHOD\INIT.DBF
PEREHOD\MENU_PER.DBF
PEREHOD\_PEREHOD.EXE
PEREHOD\MENU_PER.NTX
PEREHOD\PEREHOD.EXE
PEREHOD\NEW.LNK
PEREHOD\MAIN.PRG
PEREHOD\PEREK.PRG
PEREHOD\NEW.RMK
PEREHOD\PEREK.LST
PLAT\ARH.DBF
PLAT\INIT.DBF
PLAT\INST1.DBF
PLAT\KAPTKA2.DBF
PLAT\KAPTKA3.DBF
PLAT\MACRO.DBF
PLAT\MEMVAR.DBF
PLAT\MENU05.DBF
PLAT\MENU51.DBF
PLAT\NALOG3.DBF
PLAT\NALOG4.DBF
PLAT\NDS.DBF
PLAT\PLAT1.DBF
PLAT\PR00.DBF
PLAT\MENU05.NTX
PLAT\PR01.DBF
PLAT\PR02.DBF
PLAT\PR03.DBF
PLAT\PR04.DBF
PLAT\PR05.DBF
PLAT\SCHT1.DBF
PLAT\SCHT2.DBF
PLAT\SPR02.DBF
PLAT\SPR03.DBF
PLAT\ARH.DBT
PLAT\MACRO.DBT
PLAT\INST1.NTX
PLAT\BANK01.DBF
PLAT\FIRM01.DBF
PLAT\KAPTKA1.DBF
PLAT\NAKL2.DBF
PLAT\NALOG2.DBF
PLAT\FVNUM.DBF
PLAT\PRED01.DBF
PLAT\BANK01.NTX
PLAT\FIRM01.NTX
PLAT\FIRM01A.NTX
PLAT\KAPTKA1.NTX
PLAT\SPR01.NTX
PLAT\NALOG1.DBF
PLAT\NAKL3.DBF
PLAT\FIRM01B.NTX
PLAT\KAPTKA1A.NTX
PLAT\KAPTKA1B.NTX
PLAT\KAPTKA2.NTX
PLAT\KAPTKA3.NTX
PLAT\MACRO.NTX
PLAT\MEMVAR.NTX
PLAT\MENU05D.DBF
PLAT\MENU51.NTX
PLAT\NAKL1.NTX
PLAT\NAKL1A.NTX
PLAT\NAKL2.NTX
PLAT\NAKL3.NTX
PLAT\NALOG1.NTX
PLAT\NALOG1A.NTX
PLAT\NALOG2.NTX
PLAT\PLAT1.NTX
PLAT\PR00.NTX
PLAT\PR01.NTX
PLAT\PR02.NTX
PLAT\PR03.NTX
PLAT\PR04.NTX
PLAT\PR05.NTX
PLAT\PRED01.NTX
PLAT\SCHT1.NTX
PLAT\SCHT1A.NTX
PLAT\SCHT2.NTX
PLAT\SPR02.NTX
PLAT\SCHT.TXT
PLAT\NALOG3.NTX
PLAT\NALOG3A.NTX
PLAT\CHANGE.PRG
PLAT\NALOG4.NTX
PLAT\MENU05D.NTX
PLAT\CHANG.PRG
PLAT\OST2.NTX
PLAT\OST01.DBF
PLAT\OST2.DBF
PLAT\NALOG5.DBF
PLAT\NAKL5.DBF
PLAT\NALOG5.NTX
PLAT\NALOG5A.NTX
PLAT\SPR01.DBF
PLAT\NAKL1.DBF
PLAT\MENU.DBF
PLAT\MENU.NTX
PLAT\SPR03.NTX
PLAT\SPR03A.NTX
PLAT\40.TXT
PLAT\04.TXT
PLAT\05.TXT
KASSA\NDS.DBF
KASSA\BUF.DBF
KASSA\BUF01.DBF
KASSA\BUF1.DBF
KASSA\BUF2.DBF
KASSA\DBROWSE.DBF
KASSA\DBRTB.DBF
KASSA\FKS02.DBF
KASSA\FKS03.DBF
KASSA\FKS04.DBF
KASSA\FKS05.DBF
KASSA\FKS06.DBF
KASSA\MENU50.DBF
KASSA\FKS08.DBF
KASSA\FKS09.DBF
KASSA\INIT.DBF
KASSA\INST1.DBF
KASSA\MENU50.NTX
KASSA\BUF.NTX
KASSA\DBRTB.NTX
KASSA\FKS02.NTX
KASSA\FKS06.NTX
KASSA\FKS07.NTX
KASSA\INST1.NTX
KASSA\WORK.EXE
KASSA\SCREEN.SCR
KASSA\CHECK.LST
KASSA\FKS07.DBF
KASSA\_WORK.EXE
KASSA\SSUDA.PRG
KASSA\PR00.DBF
KASSA\PR00.NTX
KASSA\PR01.DBF
KASSA\PR01.NTX
KASSA\PR02.DBF
KASSA\PR02.NTX
KASSA\PR03.DBF
KASSA\PR03.NTX
KASSA\PR04.DBF
KASSA\PR04.NTX
KASSA\PR05.DBF
KASSA\ERRORS.ARM
KASSA\WORK.LNK
KASSA\BFGET.DBF
8DRAGRO\MAIN.EXE
8DRAGRO\FL2.DBF
8DRAGRO\KVART.DBF
8DRAGRO\KVART1.DBF
8DRAGRO\KVART2.DBF
8DRAGRO\KVART3.DBF
8DRAGRO\KVART4.DBF
8DRAGRO\M2.DBF
8DRAGRO\MEMVAR.DBF
8DRAGRO\MEMVAR1.DBF
8DRAGRO\MENU.DBF
8DRAGRO\ZAG.DBF
8DRAGRO\ZAG1.DBF
8DRAGRO\ZAG2.DBF
8DRAGRO\ZAG3.DBF
8DRAGRO\ZAG4.DBF
8DRAGRO\FL1A.NTX
8DRAGRO\KVART.NTX
8DRAGRO\MEMVAR.NTX
8DRAGRO\MENU.NTX
8DRAGRO\SCREEN.SCR
8DRAGRO\DOVIDKA.TXT
8DRAGRO\_MAIN.EXE
8DRAGRO\KVART1A.NTX
8DRAGRO\KVART1B.NTX
8DRAGRO\KVART1C.NTX
8DRAGRO\T1.TXT
8DRAGRO\KVART4A.NTX
8DRAGRO\STATUS.ME
8DRAGRO\KVART4B.NTX
8DRAGRO\KVART4C.NTX
8DRAGRO\KVART2A.NTX
8DRAGRO\KVART2B.NTX
8DRAGRO\KVART2C.NTX
8DRAGRO\KVART3A.NTX
8DRAGRO\KVART3B.NTX
8DRAGRO\KVART3C.NTX
8DRAGRO\AGRO.BAT
DOHOD\DOHOD.BAK
DOHOD\MEMVAR.DBF
DOHOD\MENUD.DBF
DOHOD\DOHOD.EXE
DOHOD\FORMFL01.EXE
DOHOD\MEMVAR.NTX
DOHOD\MENUD.NTX
DOHOD\DOHOD.OBJ
DOHOD\FORMFL01.OBJ
DOHOD\DOHOD.PRG
DOHOD\FORMFL01.PRG
DOHOD\DOHOD.RMK
DOHOD\VSSVER.SCC
DOHOD\SCREEN.SCR
DOHOD\INIT.DBF
DOHOD\DOHOD01.LST
DOHOD\DOHOD.ALL
AMRT_NEW\MAIN.EXE
AMRT_NEW\AMRT.DBF
AMRT_NEW\MEMVAR.DBF
AMRT_NEW\MENU_AMR.DBF
AMRT_NEW\AMRT.NTX
AMRT_NEW\MEMVAR.NTX
AMRT_NEW\MENU_AMR.NTX
AMRT_NEW\MAIN.PRG
AMRT_NEW\WORK01.PRG
AMRT_NEW\WORK.RMK
AMRT_NEW\SPRAV.OBJ
8DRNEW\COPYFL.OBJ
8DRNEW\COPYFL.PRG
8DRNEW\MAIN.EXE
8DRNEW\FL1A.NTX
8DRNEW\FL2.DBF
8DRNEW\INSTR2.TXT
8DRNEW\INSTRUCT.TXT
8DRNEW\KVART.DBF
8DRNEW\KVART3.DBF
8DRNEW\ZAG1.DBF
8DRNEW\KVART1A.NTX
8DRNEW\KVART1B.NTX
8DRNEW\KVART1C.NTX
8DRNEW\MAIN.OBJ
8DRNEW\MAIN.PRG
8DRNEW\MEMVAR.DBF
8DRNEW\MEMVAR.NTX
8DRNEW\MEMVAR1.DBF
8DRNEW\MENU.DBF
8DRNEW\MENU.NTX
8DRNEW\MENUD.DBF
8DRNEW\MENUD.NTX
8DRNEW\SCREEN.SCR
8DRNEW\STATUS.ME
8DRNEW\WORK.RMK
8DRNEW\WORK02.OBJ
8DRNEW\WORK02.PRG
8DRNEW\WORK04.OBJ
8DRNEW\WORK04.PRG
8DRNEW\ZAG.DBF
8DRNEW\KVART1.DBF
8DRNEW\_MAIN.EXE
8DRNEW\M01.DBF
8DRNEW\KVART.NTX
8DRNEW\T1.LST
8DRNEW\KVART1.NTX
8DRNEW\DOVIDKA.TXT
8DRNEW\ZAG2.DBF
8DRNEW\KVART2.DBF
8DRNEW\KVART2.NTX
8DRNEW\KVART2A.NTX
8DRNEW\KVART2B.NTX
8DRNEW\KVART2C.NTX
8DRNEW\ZAG3.DBF
8DRNEW\KVART3.NTX
8DRNEW\KVART3A.NTX
8DRNEW\KVART3B.NTX
8DRNEW\KVART3C.NTX
8DRNEW\ZAG4.DBF
8DRNEW\KVART4.DBF
8DRNEW\KVART4.NTX
8DRNEW\KVART4A.NTX
8DRNEW\KVART4B.NTX
8DRNEW\KVART4C.NTX
     1292 файлов скопировано
