
           Не знайдено коду облiку [      ]
           Не знайдено коду облiку [      ]
           Не знайдено коду облiку [      ]
           Не знайдено коду облiку [      ]
    801300 Не знайдено коду облiку [30  08]
    801300 Не знайдено коду облiку [    46]
    801300 Не знайдено коду облiку [31  08]
054145/01  Не знайдено коду облiку [154145]
071247     Не знайдено коду облiку [071573]
5261       Не знайдено коду облiку [121261]
6222       Не знайдено коду облiку [012222]
6223       Не знайдено коду облiку [012223]
6228       Не знайдено коду облiку [012228]
6279       Не знайдено коду облiку [012279]
6388       Не знайдено коду облiку [012388]
6461       Не знайдено коду облiку [012461]
6502       Не знайдено коду облiку [012502]
80130029   Не знайдено коду облiку [080 08]
80130029   Не знайдено коду облiку [    46]
802        Не знайдено коду облiку [08    ]
802        Не знайдено коду облiку [46    ]
8021       Не знайдено коду облiку [08    ]
8021       Не знайдено коду облiку [46    ]
8022       Не знайдено коду облiку [08    ]
8022       Не знайдено коду облiку [46    ]
803        Не знайдено коду облiку [08    ]
803        Не знайдено коду облiку [46    ]
8035       Не знайдено коду облiку [08    ]
8035       Не знайдено коду облiку [46    ]
804        Не знайдено коду облiку [08    ]
804        Не знайдено коду облiку [46    ]
805        Не знайдено коду облiку [08    ]
805        Не знайдено коду облiку [46    ]
807        Не знайдено коду облiку [08    ]
807        Не знайдено коду облiку [46    ]
808        Не знайдено коду облiку [08    ]
808        Не знайдено коду облiку [46    ]
809        Не знайдено коду облiку [08    ]
809        Не знайдено коду облiку [46    ]
80908      Не знайдено коду облiку [08    ]
80908      Не знайдено коду облiку [46    ]
9          Не знайдено коду облiку [230000]
91         Не знайдено коду облiку [230000]
92         Не знайдено коду облiку [240000]
955        Не знайдено коду облiку [812100]
955        Не знайдено коду облiку [464100]
956        Не знайдено коду облiку [050000]