                                                              Форма N iнв-3
    (пiдприємство)
                         ┌──────────┬────────────┬─────────────────────┐
                         │ Номер    │ Дата       │ Матерiально-        │
 ИНВЕНТАРIЗАЦIОНИЙ  ОПИС │документа │cкладання   │ вiдповiдна особа    │
   ТОВАРНО-МАТЕРIАЛЬНИХ  ├──────────┼────────────┼─────────────────────┤
       ЦIННОСТЕЙ         │          │            │                     │
                         └──────────┴────────────┴─────────────────────┘


                             Р О З П И С К А
     До початку проведення iнвентарiзацiї всi витратнi i приходнi документи
 на  товарно-матерiальнi  цiнностi здани до бухгалтерiї i усi товарно-мате-
 рiальнi цiнностi, що надiйшли на мою (нашу) вiдповiдальнiсть, оприходуванi,
 а тi, що вибули, списанi на витрату.


     Матерiально-вiдповiдна  особа :

  _________________   ___________________    ___________________________
      посада             пiдпис               iм'я, по батьковi,фамiлiя





     На основi приказу (розпорядження) вiд "____"___________________199  г.

  N______ виконана перевiрка фактичних залишкiв цiнностей

  по стану на "____"________________199  г.



     Iнвентаризацiя: почата    "____"________________199  г.

                     завершена "____"________________199  г.


     При iнвентарiзацiї встановлено наступне:

                                                            Страница  2
────┬────┬────┬────────────────────────────────────────┬──────┬──────────────┬──────────────────────┬──────────────────────────────
 N  │Счет│Груп│      Товарно-материальные ценности     │Един. │              │  Фактическое наличие │ По данным бухгалтерск. учета
п/п │суб-│ па ├─────────────────────────────────┬──────┤ изм  │    Цена      ├──────────┬───────────┼──────────────┬───────────────
    │счет│    │     Наименование, вид, сорт     │Номен.│      │              │Количество│   Сумма   │  Количество  │     Сумма
    │    │    │                                 │номер │      │              │          │           │              │
────┼────┼────┼─────────────────────────────────┼──────┼──────┼──────────────┼──────────┼───────────┼──────────────┼───────────────
 1  │  2 │  3 │                 4               │   5  │   6  │      7       │     8    │     9     │      10      │      11
────┼────┼────┼─────────────────────────────────┼──────┼──────┼──────────────┼──────────┼───────────┼──────────────┼───────────────
   1│052 │1023│Дискеты 5,25 HD BASF EXTRA       │      │шт.   │         0-979│          │           │        20.000│          19-58
   2│    │1026│Пр-ма "Учет ТМЦ"                 │      │шт.   │       750-000│          │           │         1.000│         750-00
   3│    │1034│Память SIMM 8M6 72 pin           │      │шт.   │        74-160│          │           │         1.000│          74-16
   4│    │1035│Корпус Mini-Midlle LBU           │      │шт.   │        55-830│          │           │         1.000│          55-83
   5│122 │1029│Набор инструментов               │      │шт.   │        70-040│          │           │         1.000│          70-04
   6│    │1030│Цифровой мультивибратор          │      │шт.   │        75-170│          │           │         1.000│          75-17
───────────────────────────────────────────────────────────────────────────────────────────────────────────────────────────────────
                                                              │       ИТОГО  :                      │                       1044-78
                                                              └────────────────────────────────────────────────────────────────────

     Разом по опису: кiлькiсть порядкових номерiв  _________________________
                                                           прописом

              загальна кiлькiсть одиниць фактично  _________________________
                                                           прописом

____________________________________________________________________________

                на суму, грв., фактично  _________________________________
                                                           прописом

____________________________________________________________________________

____________________________________________________________________________

____________________________________________________________________________




Голова  комiсiї

_________________       ___________________      _________________________
    посада                  пiдпис               iм'я, по батьковi,фамiлiя

Члени комiсiї:

_________________       ___________________      _________________________
    посада                  пiдпис               iм'я, по батьковi,фамiлiя

_________________       ___________________      _________________________
    посада                  пiдпис               iм'я, по батьковi,фамiлiя

_________________       ___________________      _________________________
    посада                  пiдпис               iм'я, по батьковi,фамiлiя

      Все цiнностi , перелiкованi в  данному  iнвентарiзацiонному опису
 N_________ , комiсiєю перевiренi в моїй (нашiй) присутностi i внесенi
 до опису, в зв'язку з чим претензiй  к iнвентаризацiоннiй  комiсiї не маю
 (не маємо). Цiнностi, перелiкованi в опису, знаходяться  на  моїй (нашому)
 вiдповiдальному збереженнi.

     Матерiально-вiдповiдна  особа :

  "____"________________199  г.

 Указаннi в данному опису даннi i пiдрахунки перевiрил

                             _________________       ___________________
                                 посада                   пiдпис

  "____"________________199  г.
