Заголовок Подсистема, Оператор ввода, Оператор формирования , Макет ввода , Дата ввода
Номер пачки, Номер документа, Месяц учета документа , Дата документа, Договор / код хоз. оперции
Код , Название и Примечание  хозяйственной  операции 
Количественные и сумовые показатели операции

┌──────────────────────────┬──────────────────────────┬──────────┬─────────┬──────────┬─────────┬─────┬─────────┐
│            Дебет         │            Кредит        │          │         │          │         │     │ Номер   │
├───────────────┬──────────┼───────────────┬──────────┤Количество│Еденица  │Количество│Еденица  │     │документа│
│   Код         │ Название │   Код         │ Название │    1     │измерения│    2     │измерения│Сумма│    2    │
├───────────────┼──────────┼───────────────┼──────────┼──────────┼─────────┼──────────┼─────────┼─────┼─────────┤
│     1         │    2     │     3         │    4     │    5     │    6    │    7     │    8    │  9  │  10     │
├───────────────┼──────────┼───────────────┼──────────┼──────────┼─────────┼──────────┼─────────┼─────┼─────────┤
│Субсчет        │          │Субсчет        │          │          │         │          │         │     │         │
├───────────────┼──────────┼───────────────┼──────────┤          │         │          │         │     │         │
│МОЛ            │          │МОЛ            │          │          │         │          │         │     │         │
├───────────────┼──────────┼───────────────┼──────────┤          │         │          │         │     │         │
│Бргд           │          │Бргд           │          │          │         │          │         │     │         │
├───────────────┼──────────┼───────────────┼──────────┤          │         │          │         │     │         │
│Операция       │          │Операция       │          │          │         │          │         │     │         │
├───────────────┼──────────┼───────────────┼──────────┤          │         │          │         │     │         │
│Предприятие    │          │Предприятие    │          │          │         │          │         │     │         │
├───────────────┼──────────┼───────────────┼──────────┤          │         │          │         │     │         │
│Таб. номер     │          │Таб. номер     │          │          │         │          │         │     │         │
├───────────────┼──────────┼───────────────┼──────────┤          │         │          │         │     │         │
│Идентиф. код   │          │Идентиф. код   │          │          │         │          │         │     │         │
├───────────────┼──────────┼───────────────┼──────────┤          │         │          │         │     │         │
│Гаражный номер │          │Гаражный номер │          │          │         │          │         │     │         │
├───────────────┼──────────┼───────────────┼──────────┤          │         │          │         │     │         │
│Номер трактора │          │Номер трактора │          │          │         │          │         │     │         │
├───────────────┼──────────┼───────────────┼──────────┤          │         │          │         │     │         │
│Код материала  │          │Код материала  │          │          │         │          │         │     │         │
├───────────────┼──────────┼───────────────┼──────────┤          │         │          │         │     │         │
│Номер ин-      │          │Номер ин-      │          │          │         │          │         │     │         │
│вентарной      │          │вентарной      │          │          │         │          │         │     │         │
│карточки       │          │карточки       │          │          │         │          │         │     │         │
└───────────────┴──────────┴───────────────┴──────────┴──────────┴─────────┴──────────┴─────────┴─────┴─────────┘
