0M

Структура файла БД: E:BANK01.dbf // Список банков            Структура файла БД: E:NAKL2.dbf                        Структура файла БД: E:NALOG3.dbf          Структура файла БД: E:PRED01.dbf  Свои реквизиты   Структура файла БД: E:SPR01.dbf
MFO      Симв   8    Код МФО                                 VNUM     Симв   4    Внутренний номер                  NDOC     Симв   6                         SHORT    Симв  20     Краткое название             KOPR     Симв   3  Код операции
BANK1    Симв  32    Название банка строка 1                 KOD      Симв  10    Код продукции                     DDOC     Дата   8                         FULL1    Симв  62     Полное название              NAME     Симв  30  Название
BANK2    Симв  55    Название банка строка 2                 KVO      Числ  16  2 Количество                        SHORT    Симв  20                         OKPO     Симв  10     ОКПО                         USL      Симв   1  Признак услуги
                                                             GLV      Числ   7    Количество 2                      KODNDS   Симв  12                         MFO      Симв   8     МФО  банка осн.              POTR     Симв   1  Код потребителя
Структура файла БД: E:FIRM01.dbf  // Список предприятий      PRISE    Числ   9  4 Цена                              NUMNDS   Симв  10                         MFO1     Симв   8     МФО1                                          0 - Працiвники пiдприємства
Имя поля Тип        Длина    Точ                             NDS      Числ  12  2 Сумма НДС                         ADDR1    Симв  40                         MFO2     Симв   8     МФО2                                          1 - Пiдприємства- партнери
SHORT    Симв  30    Краткое название                        AKS      Числ  12  2 Акцизный сбор                     ADDR2    Симв  40                         MFO3     Симв   8     МФО3                                          2 - Виробництво
FULL1    Симв  30    Полное название строка 1                PRISE1   Числ   9  4 Цена учетная /для проводки на 46/ TEL      Симв  10                         BANK1    Симв  32     Название банка осн.                           3 - Мат. вiд. особа
FULL2    Симв  42    Полное название строка 2                STM      Числ  12  2 Сумма без НДС                     OPER     Симв   2                         BANK1A   Симв  32     Название банка  2                             4 - Iнше
OKPO     Симв  10    Стат. код                               STM1     Числ  12  2 Сумма проводки по учетной цене    VNUM     Симв   6                         BANK1B   Симв  32     Название банка  3                             5 - Список працiвникiв
MFO      Симв   8    МФО                                     STM2     Числ  12  2 Сумма проводки по накладным       STATE    Симв   1                         BANK1C   Симв  32     Название банка  4                             6 - Виробництво - автопарк
BANK1    Симв  32    Название банка строка 1                                                      расходам          KODNDSB  Симв  12                         BANK2    Симв  55     Название банка  осн                           7 - Виробництво - трактора
BANK2    Симв  55    Название банка строка 2                                                                        NUMNDSB  Симв  10                         BANK2A   Симв  55     Название банка  2                             8 - Фiзична особа
RASCH    Симв  14    Расчетный счет                          Структура файла БД: E:NAKL3.dbf                        SHORTB   Симв  30                         BANK2B   Симв  55     Название банка  3                             9 - Перелiк фiз осiб
KSASH    Симв   6    ШПЗ                                     VNUM     Симв   4    Внутренний номер                  ADDR1B   Симв  40                         BANK2C   Симв  55     Название банка  4            NDS      Симв   1  Признак НДС
ADDR1    Симв  40    Адрес строка 1                          TABN     Симв   4    Таб. номер                        ADDR2B   Симв  40                         RASCH    Симв  14     Расч. счет                   PRISE    Симв   1  Использ. цена
ADDR2    Симв  40    Адрес строка 2                          DDOC     Дата   8    Дата ЛЗК                          TELB     Симв  10                         RASCH1   Симв  14     Расч. счет 2                                       2    - prise1
TEL      Симв  10    Телефон                                 CODN     Симв  10    Идент. физ лица                   SAL      Симв  60                         RASCH2   Симв  14     Расч. счет 3                                       3    - prise2
KODNDS   Симв  12    Код плательщика НДС                     KVO      Числ  16 2  Количество                        FORM     Симв  60                         RASCH3   Симв  14     Расч. счет 4                                     прочее - prise
NUMNDS   Симв  10    Номер свидетельства НДС                 GLV      Числ   7    Количество 2                      SUM      Числ  12  2                      FAMR     Симв  30     Фам. руководителя            KOD1     Симв   1  Код оплаты
                                                             STM      Числ  10 2  Сумма без НДС                     PCOUNT   Числ   2                         IMJAR    Симв  20     Имя  руководителя                     Г  -  Готiвка
Структура файла БД: E:KAPTKA1.dbf // Карточка учета          NDS      Числ   9 2  Сумма НДС                         NDS      Числ  12  2                      OTCHR    Симв  25     Отч. руководителя                     Г1 -  Готiвка-оплата
KOD      Симв  10    Код карточки                                                                                   VDOC     Симв   1                         TEL      Симв  10     Телефон                               Г2 -  Готiвка-за одер
KSASH    Симв   6    Код субсчета  учета                     Структура файла БД: E:NALOG1.dbf                       NDOC1    Симв   6                         TEL2D    Симв  10                                           П  -  Перерахування
NAME     Симв  40    Название                                NDOC     Симв   6    Номер документа                   DDOC1    Дата   8                         FAMB     Симв  30                                           П1 -  Перерах.-оплата
IZM      Симв   6    Еденица измерения                       DDOC     Дата   8    Дата документа                    DDOC2    Дата   8                         IMJAB    Симв  20                                           П2 -  Перерах.-за одер
PRISE    Числ  12 3  Уч. Цена                                SHORT    Симв  20    Кратк. название                   NDOC2    Симв   6                         OTCHB    Симв  25                                           З  -  В рах. зарплати
IZM2     Симв   6    Еденица измерения числ. пок. 2          KODNDS   Симв  12    Код НДС                                                                     TEL1B    Симв  10                                           Б  -  Бартер
PRISE1   Числ   9 4  Цена отпускная работникам               NUMNDS   Симв  10    Номер свид.                       Структура файла БД: E:NALOG4.dbf          KODB     Симв   9                                           Б0 -  Бартер-заверш
PRISE2   Числ   9 4  Цена отпускная предприятиям             ADDR1    Симв  40    Адрес строка 1                    VNUM     Симв  6                          ADDR1    Симв  40                                           Б1 -  Бартер-одерж.
KSASH2   Симв   6    Код субсчета реализации                 ADDR2    Симв  40    Адрес строка 2                    DDOC     Дата  8                          ADDR2    Симв  40                                           Б2 -  Бартер-вiдвант.
KOPU     Симв   3    Код удержания                           TEL      Симв  10    Телефон                           REAS     Симв 40                          FAMK     Симв  30                                           К  -  Взаєморазрахунки
                                                             OPER     Симв   2    Кто вводил                        KOD      Симв 10                          IMJAK    Симв  20                                           С  -  В рах. пенсiї
Структура файла БД: E:NAKL1.dbf                              VNUM     Симв   4    Внутренний номер                  NAME     Симв 40                          OTCHK    Симв  25                                           В  -  Виробництво
NDOC     Симв   6    Номер документа                         STATE    Симв   1    Cостояние накладной               IZM      Симв  6                          TABNR    Симв   4                                           М  -  Внутр. передача
DDOC     Дата   8    Дата документа                          KODNDSB  Симв  12    Код НДС                           KVO1     Числ 16  2                       TABNB    Симв   4                                           Т  -  Пiдзвiтна особа
KOPR     Симв   3    Код операции                            NUMNDSB  Симв  10    Номер свид.                       PRISE1   Числ 11  5                       TABNK    Симв   4                                 KPR      Симв   2  Код КАСБУ
FIO1     Симв  56    Получатель                              SHORTB   Симв  30    Кратк. название                   PRISE2   Числ 11  5                       KODNDS   Симв  12                                 DOV      Симв  56  Основание
FIO2     Симв  56    Через кого                              ADDR1B   Симв  40    Адрес строка 1                    KVO2     Числ 16  2                       NUMNDS   Симв  10                                 ST       Симв   1
OKPO     Симв  10    ОКПО                                    ADDR2B   Симв  40    Адрес строка 2                    SUM1     Числ 12  2                                                                             Лимитированая продукция
TABN     Симв   4    Таб. номер                              TELB     Симв  10    Телефон                           SUM2     Числ 12  2                       Структура файла БД: E:SCHT1.dbf                      Структура файла БД: E:SPR02.dbf
GNAVT    Симв   4    Гар. номер                              SAL      Симв  60    Условие продажи                   SUM3     Числ 12  2                       NDOC     Симв   6                                 KOD      Симв  10
DOV      Симв  56    Основание                               FORM     Симв  60    Форма продажи                     SUM4     Числ 12  2                       DDOC     Дата   8                                 KVO      Числ  14  2
OTP      Симв   2    Код МОЛ отправителя / получателя        SUM      Числ  12 2  Сумма                             SUM5     Числ 12  2                       KOPR     Симв   3                                 ST       Симв   1
OPER     Симв   2    Кто вводил                              PCOUNT   Числ   2    Сколько раз печатали              SUM6     Числ 12  2                       OKPO     Симв  10
VNUM     Симв   4    Внутренний номер    ┌─1 - оплачено      NDS      Числ  12 2  НДС                               SUM7     Числ 12  2                       OTP      Симв   2                                    Структура файла БД: E:SPR03.dbf
STATE    Симв   1    Cостояние накладной─┤ 2 - получено      VDOC     Симв   1    Вид документа                     NUMNAKL  Симв  6                          OPER     Симв   2                                 MNT      Симв  4
KSASH    Симв   6    ШПЗ                 │ 3 - аннулиров                                                                                                      VNUM     Симв   4                                 KOD      Симв  10
BRGD     Симв   2    Бригада             │ 4 - невыписана    Структура файла БД: E:NALOG2.dbf                       Структура файла БД: E:PLAT1.dbf           STATE    Симв   1                                 MOL      Симв   2
MOL      Симв   2    Получатель - МОЛ    │ 5 - Ручная такс.  VNUM     Симв   4    Внутренний номер                  NDOC     Симв   6     Номер документа     NDOC1    Симв   6                                 OZN      Симв   1
NPCH1    Симв   5    Номер пачки     ─┐  └ 6 - Проводки сдел DDOC     Дата   8    Дата                              DDOC     Дата   8     Дата документа      SUM      Числ  12  2                              KVO      Числ  10  2
NDOC1    Симв   6    Номер документа  │ Оплата               KOD      Симв  10    Код продукции                     PLAT1    Симв  62     Плательщик          PCOUNT   Числ   3                                 GLV      Числ   8  2
DDOC1    Дата   8    Дата документа   │                      NAME     Симв  40    Название                          BANKPL1  Симв  32     Банк плат. строка 1 MFO      Симв  10                                 STM      Числ  12  2
SUM1     Числ  14 2  Сумма           ─┘                      IZM      Симв   6    Еденица измерения                 BANKPL2  Симв  55     Банк плат. строка 2 BANK     Симв  87                                 ST       Симв   1
KOD1     Симв   1    Вид                                     KVO      Числ  16  2 Количество                        MFOPL1   Симв   8     МФО плат.           ADDR     Симв  80
SUM      Числ  14 2  Сумма                                   PRISE    Числ   9  4 Цена                              RASPL1   Симв  14     Расч. счет плат.    FULL     Симв  62
PCOUNT   Числ   2    Сколько раз печатали                    SUM1     Числ  12  2 Сумма колонка 1                   RC1      Симв  30     Получатель стр. 1   RASCH    Симв  10                                    Структура файла БД: E:SPR05.dbf
NDOC2    Симв   6    Номер документа ─┐                      SUM2     Числ  12  2 Сумма колонка 2                   RC2      Симв  42     Получатель стр. 2   RASCH2   Симв  10                                 TABN     Симв   4
DDOC2    Дата   8    Дата документа  ─┘ ПОДАТКОВА НАКЛАДНА   SUM3     Числ  12  2 Сумма колонка 3                   BANKRC1  Симв  32     Банк пол. строка 1  FULL2    Симв  62                                 FIO      Симв  30
NTR      Симв   5    Номер трактора                          SUM4     Числ  12  2 Сумма колонка 4                   BANKRC2  Симв  55     Банк пол. строка 2  ADDR2    Симв  80
DDOC1A   Дата   8    Дата            ──┐                     STM      Числ  12  2 Общая стоимость                   MFORC1   Симв   8     МФО пол.            BANK2    Симв  87
SUM1A    Числ  14  2 Сумма             │                     NDS      Числ  12  2 НДС                               RASRC1   Симв  14     Расч. счет пол.     MFO2     Симв  10
NDOC1A   Симв   6    Номер документа   │ Дополнительная      NDOC2    Симв   6    Номер документа ─┐                SUM1     Числ  12  2  Сумма платежки      OKPO2    Симв  10
NPCH1A   Симв   5    Номер пачки       │ оплата              DDOC2    Дата   8    Дата документа  ─┘ НАКЛАДНАЯ      DDOC1    Дата   8
KOD1A    Симв   1    Код оплаты        │                     NPCH1    Симв   5    Номер пачки     ─┐                STR1     Симв  52     Примечание 1        Структура файла БД: E:SCHT2.dbf
NPCH1B   Симв   5    Номер пачки       │                     NDOC1    Симв   6    Номер документа  │ Оплата         STR2     Симв  72     Примечание 2        VNUM     Симв   4
NDOC1B   Симв   6    Номер документа   │                     DDOC1    Дата   8    Дата документа   │                NDS      Числ  11     Сумма НДС           KOD      Симв  10
DDOC1B   Дата   8    Дата              │                     SUM1     Числ  14  2 Сумма           ─┘                AKSBOR   Числ  11     Акц. сбор           NAME     Симв  40
SUM1B    Числ  14  2 Сумма             │┌─0 - Приход                                                                PRC1     Числ   3     Процент НДС         IZM      Симв   6
KOD1B    Симв   1    Код оплаты      ──┘│ 1 - Расход Н                                                              PRC2     Числ   3     Процент акц. сбора  KVO      Числ  16  2
DDOC3    Дата   8    Дата получения     │ 2 - ЛЗК Т                                                                 OKPO1    Симв  10     ОКПО плат.          IZM2     Симв   6
VDOC     Симв   1    Вид документа ─────┤ 3 - ЛЗК В                                                                 OKPO2    Симв  10     ОКПО пол.           GLV      Числ   7
BRGD1    Симв   2    Бригада исполнитель│ 4 - ЛЗК К                                                                 STR3     Симв  72     Примечание 3        PRISE    Числ   8  2
CODN     Симв  10    Индент. физ. лица  │ 5 - ЛЗК                                                                   STR4     Симв  40     Примечание 4        NDS      Числ  12  2
                                        └─6 - ТТН                                                                   STATE    Симв   1                         AKS      Числ  12  2
                                                                                                                    VDOC     Симв   1                         STM      Числ  12  2
                                                                                                                    OPER     Симв   1
                                                                                                                    PCOUNT   Числ   2


2
