 “็ฅโญ๋ฉ ซจแโ โ ชโฎเจแโ -ฌ ่จญจแโ .
ฬอออออออออออออหอออออออออออออออออออออหอออออออหออออออออออออออออออออออออออออออออออน
บ      โ     บ   ‘ฅซ์ๅฎงฏเฅคฏเจ๏โจฅบ็ช    บ ” ฌจซจ๏ ฌ๏ โ็        ’ ก. ญฎฌฅเบ
บ             บ                     บ“็ฅโญ๋ฉบ                                  บ
วฤฤฤฤฤฤฤฤฤฤฤฤฤะฤฤฤฤฤฤฤฤฤฤฤฤฤฤฤฤฤฤฤฤฤถ ซจแโ  บ  เช  โเ ชโฎเ      ฎฌฅเ โเ ชโฎเ บ
บเจฃ ค                             บN      บ                                  บ
ฬออัอออออออัอออออออออออัอออัออออออออสอออัอออสอออออออออออัออออออออัอออออออออออออน
บเณ จไเ  ณ           ณจคณ            ณ   ๋ฏฎซญฅญฎ   ณโเ กฎโ.ณ  แๅฎค ‘  บ
บฃคณง โเ โ ณ จฌฅญฎข ญจณเ กณ จฌฅญฎข ญจฅรฤฤฤฤฤฤยฤฤฤฤฤฤฤฤลฤฤฤฤยฤฤฤลฤฤฤฤฤฤยฤฤฤฤฤฤถ
บ  ณ       ณ           ณ   ณ            ณ  ฃ   ณ   โญ.  ณญฎเฌณ็ แณญฎเฌ  ณ ไ ชโ.บ
วฤฤลฤฤฤฤฤฤฤลฤฤฤฤฤฤฤฤฤฤฤลฤฤฤลฤฤฤฤฤฤฤฤฤฤฤฤลฤฤฤฤฤฤลฤฤฤฤฤฤฤฤลฤฤฤฤลฤฤฤลฤฤฤฤฤฤลฤฤฤฤฤฤถ
บ  ณ       ณ           ณ   ณ            ณ      ณ        ณ    ณ   ณ      ณ      บ
บ  ณ       ณ           ณ   ณ            ณ      ณ        ณ    ณ   ณ      ณ      บ
บ  ณ       ณ           ณ   ณ            ณ      ณ        ณ    ณ   ณ      ณ      บ
ฬออฯัออออออฯัอออัออออออฯัออฯัอออออออัอออฯออออออฯัออออออัฯอออหฯอออฯอัออออฯัอออออน
บKฎคณ       ณKฎคณ       ณKฎคณ       ณKซ แแญฎแโ์ ณ๋ฏฎซญณ โเบH  ญ ็ณ ฏเ.ณแโ. บ
บฎฏ-ณ ‘ใฌฌ  ณฎฏ-ณ ‘ใฌฌ  ณฎฏ-ณ ‘ใฌฌ  ณ           ณใแซฎข.ณคญฅฉวฤฤฤฤฤฤลฤฤฤฤฤลฤฤฤฤฤถ
บซ โณ       ณซ โณ       ณซ โณ       ณ           ณ  ฃ   ณ    บ      ณ     ณ     บ
วฤฤฤลฤฤฤฤฤฤฤลฤฤฤลฤฤฤฤฤฤฤลฤฤฤลฤฤฤฤฤฤฤลฤฤฤยฤฤฤฤฤฤฤลฤฤฤฤฤฤลฤฤฤฤฬออออออฯอออออฯอออออน
บ   ณ       ณ   ณ       ณ   ณ       ณ   ณ       ณ      ณ    บโเ.ฌ ่.-คญฅฉ:    บ
บ   ณ       ณ   ณ       ณ   ณ       ณ   ณ       ณ      ณ    บ                  บ
บ   ณ       ณ   ณ       ณ   ณ       ณ   ณ       ณ      ณ    บโเ.ฌ ่.-แฌฅญ:    บ
วฤฤฤมฤฤฤฤฤฤฤมฤฤฤมฤฤฤฤฤฤฤมฤฤฤมฤฤฤฤฤฤฤมฤฤฤมฤฤฤฤฤฤฤมฤฤฤฤฤฤมฤฤฤฤะฤฤฤฤฤฤฤฤฤฤฤฤฤฤฤฤฤฤถ
