┌───────┬───────────────────┬────────────┬─────────────┬───────────────┬─────────────┐
│       │                   │ НАКЛАДНI   │   ДОКУМЕНТ  │    НАКЛАДНI   │   ДОКУМЕНТ  │
│ Код   │                   │ НА ПРИХIД  │     ПРО     │    НА ВИТРАТУ │     ПРО     │
│операц.│    Назва          │   ПДВ      │   ОПЛАТУ    │      ПДВ      │   ОПЛАТУ    │
├───────┼───────────────────┼────────────┼─────────────┼───────────────┼─────────────┤
│       │                   │            │             │               │             │
│  Г    │ Готiвка           │     * 68-60│     -       │     -         │    *        │
│  Г1   │ Готiвка-оплата    │     -      │     *       │     -         │    *        │
│  Г2   │ Готiвка-за одер   │     * 68-60│     -       │     * 46-68   │    -        │
│       │                   │            │             │               │             │
│  П    │ Перерахування     │     -      │     *       │     * 46-68   │    -        │
│  П1   │ Перерах.-оплата   │     -      │     *       │     -         │    * 46-68  │
│  П2   │ Перерах.-за одер  │     * 68-60│     -       │     * 46-68   │    -        │
│       │                   │            │             │               │             │
│  З    │ В рах. зарплати   │     Х      │     Х       │     -         │    * 46-68  │
│  З2   │ Зарплата по одер  │     Х      │     Х       │     -         │    * 46-68  │
│       │                   │            │             │               │             │
│  Б    │ Бартер            │     * 68-60│             │     * 46-68   │             │
│  Б1   │ Бартер-одерж.     │* 67/1-68   │             │* 46-67/1      │             │
│       │                   │* 67/2-60   │             │* 68-67/2      │             │
│  Б2   │ Бартер-вiдвант.   │     * 68-60│             │     * 46-68   │             │
│       │                   │            │             │               │             │
│  К    │ Взаєморазрахунки  │     * 68-60│             │     * 46-68   │             │
│       │                   │            │             │               │             │
│  С    │ В рах. пенсiї     │            │             │     * 46-68   │             │
│       │                   │            │             │               │             │
│  В    │ Виробництво       │     X      │      X      │       Х       │      Х      │
│       │                   │            │             │               │             │
│  М    │ Внутр. передача   │     X      │      X      │       X       │      X      │
│       │                   │            │             │               │             │
│  Д    │ Допомога безпов.  │     ?      │      ?      │     * 46-68   │             │
│       │                   │            │             │               │             │
│  Т    │ Пiдзвiтна особа   │     * 68-71│             │               │             │
│       │                   │            │             │               │             │
│       │ Втрати вiд падежу │            │             │       -       │             │
│       │ за рахунок        │            │             │               │             │
│       │ господарства.     │            │             │               │             │
│       │                   │            │             │               │             │
│       │ Втрати вiд падежу │            │             │     * 83-68   │             │
│       │ за рахунок        │            │             │               │             │
│       │ працiвника.       │            │             │               │             │
│       │                   │            │             │               │             │
│       │ Втрати вiд падежу │            │             │     * 83-68   │             │
│       │ з частковою       │            │             │               │             │
│       │ оплатою працiвника│            │             │               │             │
│       │                   │            │             │               │             │
│       │                   │            │             │               │             │
│       │                   │            │             │               │             │
│       │                   │            │             │               │             │
│       │                   │            │             │               │             │
│       │                   │            │             │               │             │
│       │                   │            │             │               │             │
│       │                   │            │             │               │             │
│       │                   │            │             │               │             │
│       │                   │            │             │               │             │
│       │                   │            │             │               │             │
│       │                   │            │             │               │             │
│       │                   │            │             │               │             │
│       │                   │            │             │               │             │
│       │                   │            │             │               │             │
│       │                   │            │             │               │             │
└───────┴───────────────────┴────────────┴─────────────┴───────────────┴─────────────┘
