
здддддбдддддддддддддддддддддбдддбдддбдддддддддддддбдддддддддддддддддддддд©
Ё█╝╛╔ЮЁ                     Ё▓╗╞Ё└╒iЁ             Ё ┌╗╒i╓ ╜═ ╞Ю╗╜Б╔Ю     Ё
ЁiБ╝ёЦЁ     █═╖╒═           Ё   ЁАБЮЁ   ┼╝╚iЮ     цдддддбддддддддбддддддд╢
Ё     Ё                     Ё   Ё   Ё             Ё├╗Ю╜.Ё █═╙╚╝╜ Ё ▐i╓╙Ю.Ё
цдддддедддддддддддддддддддддедддедддедддддддддддддедддддеддддддддеддддддд╢
Ё   1 Ё                     Ё   Ё   Ё             Ё     Ё        Ё       Ё
Ё   2 Ё                     Ё   Ё   Ё             Ё     Ё        Ё       Ё
Ё   3 Ё                     Ё   Ё   Ё             Ё     Ё        Ё       Ё
Ё   4 Ё                     Ё   Ё   Ё             Ё     Ё        Ё       Ё
Ё   5 Ё                     Ё   Ё   Ё             Ё     Ё        Ё       Ё
Ё   6 Ё                     Ё   Ё   Ё             Ё     Ё        Ё       Ё
Ё   7 Ё                     Ё   Ё   Ё             Ё     Ё        Ё       Ё
Ё   8 Ё                     Ё   Ё   Ё             Ё     Ё        Ё       Ё
Ё   9 Ё                     Ё   Ё   Ё             Ё     Ё        Ё       Ё
Ё  10 Ё                     Ё   Ё   Ё             Ё     Ё        Ё       Ё
юдддддадддддддддддддддддддддадддадддадддддддддддддадддддаддддддддаддддддды
