I€ ‘’ ‘ฅเi๏       ฎฌฅเ
’ ก. ญฎฌฅเ                                 เ ไiช
จค ญฅฏเ ๆฅงค โญฎแโi
                                 ฎค ฎฏซ โ
  ๏ชฎฃฎ           ฏฎ ๏ชฅ            iคแฎโฎช ฎฏซ โจ
ชซ ค                ฅญญ  โ เจไญ  แโ ขช 
iแ๏ๆi  ญi ‘ใฌ 



                        ‘ฅเฅคญiฉ      ฎคขiฉญ 
                        ไ ชโจ็ญจฉ     โ เจไญ 
                        ง เฎกiโฎช     แโ ขช 
แ์ฎฃฎ
ษออออออออออออออออออ ฏซ โ  ซiช เญ๏ญฎฃฎ ออออออออออออออออออออออออออออออออออออออป
บ                                                                            บ
บ                                                                            บ
บ                                                                            บ
บ                                                                            บ
บ                                                                            บ
บ                                                                            บ
ศออออออออออออออออออออออออออออออออออออออออออออออออออออออออออออออออออออออออออออผ
ฏซ โจโจ ข ขiคฎฌฎแโi ง                ฌiแ๏ๆ์
