M  Оборотний баланс за перiод 60
  ┌───┬───┬───────────────────────────┬─────────────────────────────────────────────────────────┬───────────────────────────────────────────────────────────┐
  │Суб│Код│   Kорр рахунок            │                          За перiод                      │                         З поч. року                       │
  │рах│оп.├──────┬────────────────────┤           Дебет            │           Кредiт           │            Дебет            │            Кредiт           │
  │   │   │  Kод │       Назва        ├─────────────┬──────────────┼─────────────┬──────────────┼──────────────┬──────────────┼──────────────┬──────────────┤
  │   │   │      │                    │  Кiлькiсть  │      Сума    │  Кiлькiсть  │      Сума    │   Кiлькiсть  │      Сума    │   Кiлькiсть  │      Сума    │
  └───┴───┴──────┴────────────────────┴─────────────┴──────────────┴─────────────┴──────────────┴──────────────┴──────────────┴──────────────┴──────────────┘
   999 99  999999 ХХХХХХХХХХХХХХХХХХХХ 99'999'999.99 999'999'999.99 99'999'999.99 999'999'999.99 999'999'999.99 999'999'999.99 999'999'999.99 999'999'999.99
 1 051 01  680008 ПДВ, Акциз, Легковий транспорт
 1     01  680
 2     01  ***    По опер.
 3     **  680    По кор. субр.
 4     **  ***    По  субр.
 5 05  01  680008
 5     01  680
 6     01  68     По рах.
 7     01  ***    По опер.
 8     **  680    По кор. субр.
 9     **  68     По кор. рах.
10     **  ***    По рахунку
10 **  **  ***    По пiдприємству

  Головна  книга за перiод 61
  ┌────────────────────────────┬─────────────────────────────┬─────────────────────────────┬─────────────────────────────┐
  │       Рахунок              │         Вхiдне  сальдо      │        Обороти за перiод    │       Вихiдне   сальдо      │
  ├───────┬────────────────────┼──────────────┬──────────────┼──────────────┬──────────────┼──────────────┬──────────────┤
  │   Kод │   Hазва            │     Дебет    │     Kредiт   │    Дебет     │      Kредiт  │   Дебет      │     Kредiт   │
  └───────┴────────────────────┴──────────────┴──────────────┴──────────────┴──────────────┴──────────────┴──────────────┘
   999999  ХХХХХХХХХХХХХХХХХХХХ 999'999'999.99 999'999'999.99 999'999'999.99 999'999'999.99 999'999'999.99 999'999'999.99
1  681001
1  681
2  68        По рахунку
3  **        По пiдприємству

   Вiдомiсть кiлькiсного i сумового облiку в розрiзi субрахункiв за перiод 62
   ┌─────┬──────┬──────┬──────────┬───┬────────────────────┬──────────────────────────────────────────┬──────────────────────────────────────────┬──────────────────────────────────────────┬──────────────────────────────────────────┐
   │Hо-  │Hомер │      │          │   │                    │                 Вхiдне сальдо            │                    Прихiд                │                   Витрата                │               Вихiдне   сальдо           │
   │мер  │доку- │Субрах│ Код      │МВО│       Назва        ├─────────────┬─────────────┬──────────────┼─────────────┬─────────────┬──────────────┼─────────────┬─────────────┬──────────────┼─────────────┬─────────────┬──────────────┤
   │папки│мента │      │          │   │                    │    Голiв    │  Kiлькiсть  │    Сумма     │    Голiв    │  Kiлькiсть  │    Сумма     │    Голiв    │  Kiлькiсть  │    Сумма     │    Голiв    │  Kiлькiсть  │    Сумма     │
   └─────┴──────┴──────┴──────────┴───┴────────────────────┴─────────────┴─────────────┴──────────────┴─────────────┴─────────────┴──────────────┴─────────────┴─────────────┴──────────────┴─────────────┴─────────────┴──────────────┘
    99999 999999 999999 9999999999 99  ХХХХХХХХХХХХХХХХХХХХ  99'999'999.99 99'999'999.99 999'999'999.99 99'999'999.99 99'999'999.99 999'999'999.99 99'999'999.99 99'999'999.99 999'999'999.99 99'999'999.99 99'999'999.99 999'999'999.99
 1  00001 000002 051001 1000000001 05  12 123456 1234567890
 2               051001 1000000001 05  По МВО
 3               051001 1000000001     По анал. коду
 4               051001                По анал. рахунку
 5               051                   По субрахунку
 6               05                    По рахунку


   Вiдомiсть кiлькiсного i сумового облiку в разрiзi матерiально - вiдповiдальних осiб за перiод 63
   ┌─────┬──────┬──────┬──────────┬────────────────────┬──────────────────────────────────────────┬───────────────────────────────         ──┬──────────────────────────────────────────┬──────────────────────────────────────────┐
   │Hо-  │Hомер │      │          │                    │                 Вхiдне сальдо            │                    Прихiд                │                   Витрата                │               Вихiдне   сальдо           │
   │мер  │доку- │      │          │                    ├─────────────┬─────────────┬──────────────┼─────────────┬─────────────┬──────────────┼─────────────┬─────────────┬──────────────┼─────────────┬─────────────┬──────────────┤
   │папки│мента │Субрах│   Kод    │    Назва           │    Голiв    │  Kiлькiсть  │    Сумма     │    Голiв    │  Kiлькiсть  │    Сумма     │    Голiв    │  Kiлькiсть  │    Сумма     │    Голiв    │  Kiлькiсть  │    Сумма     │
   └─────┴──────┴──────┴──────────┴────────────────────┴─────────────┴─────────────┴──────────────┴─────────────┴─────────────┴──────────────┴─────────────┴─────────────┴──────────────┴─────────────┴─────────────┴──────────────┘
    99999 999999 999999 9999999999 ХХХХХХХХХХХХХХХХХХХХ  99'999'999.99 99'999'999.99 999'999'999.99 99'999'999.99 99'999'999.99 999'999'999.99 99'999'999.99 99'999'999.99 999'999'999.99 99'999'999.99 99'999'999.99 999'999'999.99
 1  00001 000002 051001 1000000001 12 123456 1234567890
 2               051001 1000000001 По анал. коду
 3               051001            По анал. рахунку
 4               051               По субрахунку
 5               05                По рахунку

       Вiдомiсть приходу продукцiї в розрiзi джерел надходження  N 64
       ┌─────┬──────┬───────┬──────────┬────┬───────────────────────────────────────┬────────────────────────────────────┐
       │Hомер│ Hомер│       │          │    │                    Kорр. рахунок      │           За перiод                │
       │папки│докум.│Рахунок│          │Оп  ├───────┬──────────┬────────────────────┼──────┬───────────────┬─────────────┤
       │     │      │       │   Kод    │    │Рахунок│ Код      │    Hазва           │Голiв │   Kiлькiсть   │     Сума    │
       └─────┴──────┴───────┴──────────┴────┴───────┴──────────┴────────────────────┴──────┴───────────────┴─────────────┘
        99999 999999 999999  9999999999 99   999999  9999999999 XXXXXXXXXXXXXXXXXXXX 99'999 999'999'999.99 999'999'999.99
 1      00001 000002 051001  1000000001 01 √ 201001  1000000001
 2                   051001  1000000001 01   201001  1000000001
 3                   051001  1000000001 01   ******  **********
 4                   051001  1000000001 **   ******  **********
 5                   051001  ********** **   ******  **********
 6                   051
 7                   05

       Вiдомiсть витрат продукцiї в розрiзi джерел споживання  N 65
       ┌─────┬──────┬───────┬──────────┬────┬───────────────────────────────────────┬────────────────────────────────────┐
       │Hомер│ Hомер│       │          │    │                    Kорр. рахунок      │           За перiод                │
       │папки│докум.│Рахунок│          │Оп  ├───────┬──────────┬────────────────────┼──────┬───────────────┬─────────────┤
       │     │      │       │   Kод    │    │Рахунок│ Код      │    Hазва           │Голiв │   Kiлькiсть   │     Сума    │
       └─────┴──────┴───────┴──────────┴────┴───────┴──────────┴────────────────────┴──────┴───────────────┴─────────────┘                                                                                                                                                                                                                                     
        99999 999999 999999  9999999999 99   999999  9999999999 XXXXXXXXXXXXXXXXXXXX 99'999 999'999'999.99 999'999'999.99
 1      00001 000002 051001  1000000001 83 √ 201001  1000000001
 2                   051001  1000000001 83   201001  1000000001
 3                   051001  1000000001 85   ******  **********
 4                   051001  1000000001 **   ******  **********
 5                   051001  ********** **   ******  **********
 6                   051
 7                   05

P       Вiдомiсть витрат i виходу продукцiї в розрiзi субрахункiв за перiод  N 66
       ┌──────┬──────────┬──┬──┬─────┬──────┬─────────────────────┬───────────────────────────┬───────────────────────────┐
       │      │          │  │  │     │      │                     │ Обороти дебет.            │  Обороти кредiт.          │
       │      │          │  │  │Номер│Номер │                     │                           │                           │
       │      │          │Оп│Бр│папки│докум │                     ├───────────────────────────┼───────────────────────────┤
       │Субрах│   Код    │  │гд│     │      │                     │       За  перiод          │       За  перiод          │
       │      │          │  │  │     │      │     Hазва           ├─────────────┬─────────────┼─────────────┬─────────────┤
       │      │          │  │  │     │      │                     │  Kiлькiсть  │   Сума      │  Kiлькiсть  │   Сума      │
       └──────┴──────────┴──┴──┴─────┴──────┴─────────────────────┴─────────────┴─────────────┴─────────────┴─────────────┘
        999999 9999999999 99 99 99999 999999 ХХХХХХХХХХХХХХХХХХХХ  99'999'999.99 99'999'999.99 99'999'999.99 99'999'999.99
 1      201001 1000000001 12 03 00001 000002
 2      201001 1000000001 12 03 По бригадi
 3      201001 1000000001 12    По операцiї
 4      201001 1000000001       По ан. коду
 5      201001               03 По ан. рахунку i бригадi
 6      201001            01    По ан. рахунку i опер.
 7      201001            ** ** По ан. рахунку
 8      201               01    По субрахунку  i опер.
 9      201               **    По субрахунку
10      20                01    По рахунку  i опер.
11      20                **    По рахунку


       Вiдомiсть витрат i виходу продукцiї в розрiзi бригад N 67
       ┌──┬──────┬──────────┬──┬─────┬──────┬─────────────────────┬───────────────────────────┬───────────────────────────┐
       │  │      │          │  │     │      │                     │            Обороти дебет. │     Обороти кредiт.       │
       │  │      │          │  │Номер│Номер │                     │                           │                           │
       │Бр│      │          │Оп│папки│докум │                     ├───────────────────────────┼───────────────────────────┤
       │гд│Субрах│   Код    │  │     │      │                     │       За  перiод          │       За  перiод          │
       │  │      │          │  │     │      │     Hазва           ├─────────────┬─────────────┼─────────────┬─────────────┤
       │  │      │          │  │     │      │                     │  Kiлькiсть  │   Сума      │  Kiлькiсть  │   Сума      │
       └──┴──────┴──────────┴──┴─────┴──────┴─────────────────────┴─────────────┴─────────────┴─────────────┴─────────────┘
        99 999999 9999999999 99 99999 999999 ХХХХХХХХХХХХХХХХХХХХ  99'999'999.99 99'999'999.99 99'999'999.99 99'999'999.99
 1      03 201001 1000000001 12 00001 000002
 2      03 201001 1000000001 12   По операцiї
 3      03 201001 1000000001      По ан. коду
 4      03 201001                 По ан. рахунку
 5      03 201               01   По субрахунку  i опер.
 6      03 201               **   По субрахунку
 7      03 20                01   По рахунку  i опер.
 8      03 20                **   По рахунку
 9      03 **                **   По бригадi
       Шахматка по виходу продукцiї по субрахунку в розрiзi бригад за перiод       N 68
       ┌──────┬──────────┬──┬────────────────────┬───────────────────────────┬              ┬───────────────────────────┬───────────────────────────┐
       │Субрах│  Код     │Оп│                    │       Бригада  N          │              │       Бригада  N          │      Разом                │
       │      │          │  │    Назва           ├─────────────┬─────────────┼   .........  ├─────────────┬─────────────┼─────────────┬─────────────┤
       │      │          │  │                    │  Kiлькiсть  │   Сума      │              │  Kiлькiсть  │   Сума      │  Kiлькiсть  │   Сума      │
       └──────┴──────────┴──┴────────────────────┴─────────────┴─────────────┴              ┴─────────────┴─────────────┴─────────────┴─────────────┘
 1      999999 9999999999 99 XXXXXXXXXXXXXXXXXXXX 99'999'999.99 99'999'999.99                99'999'999.99 99'999'999.99 99'999'999.99 99'999'999.99
 2      201001 1000000001 01
 3      201001 1000000001 **
 4      201001 **********
 5      201               01
 6      201               **
       Шахматка по виробничим витратам по субрахунку в розрiзi бригад N 69
       ┌──────┬──────────┬──┬────────────────────┬───────────────────────────┬              ┬───────────────────────────┬───────────────────────────┐
       │Субрах│  Код     │Оп│                    │       Бригада  N          │              │       Бригада  N          │      Разом                │
       │      │          │  │    Назва           ├─────────────┬─────────────┼   .........  ├─────────────┬─────────────┼─────────────┬─────────────┤
       │      │          │  │                    │  Kiлькiсть  │   Сума      │              │  Kiлькiсть  │   Сума      │  Kiлькiсть  │   Сума      │
       └──────┴──────────┴──┴────────────────────┴─────────────┴─────────────┴              ┴─────────────┴─────────────┴─────────────┴─────────────┘
 1      999999 9999999999 99 XXXXXXXXXXXXXXXXXXXX 99'999'999.99 99'999'999.99                99'999'999.99 99'999'999.99 99'999'999.99 99'999'999.99
 2      201001 1000000001 81
 3      201001 1000000001 **
 4      201001 **********
 5      201               81
 6      201               **
       Вiдомiсть витрати кормiв в разрiзi субрахункiв N 70
       ┌──────┬──────────────────────────────────────┬──┬───────┬─────────────────────────────────────────┐
       │Субрах│         Кор.  рахунок                │Бр│ Коэфф.│             З перiод                    │
       │      ├──────┬──────────┬────────────────────┤гд│ пере- ├─────────────┬─────────────┬─────────────┤
       │      │Субрах│  Код     │    Назва           │  │ воду  │ Кiлькiсть   │  Кормовi    │   Сума      │
       │      │      │          │                    │  │       │             │  одиницi    │             │
       └──────┴──────┴──────────┴────────────────────┴──┴───────┴─────────────┴─────────────┴─────────────┘
        999999 999999 9999999999 ХХХХХХХХХХХХХХХХХХХХ 99 99.9999 99'999'999.99 99'999'999.99 99'999'999.99
 1      202001 101001 1000000001                      53
 2      202001 101001 1000000001                      **
 3      202001 ******                                 **
 4      202
       Вiдомiсть витрати кормiв в разрiзi бригад N 71
       ┌──┬──────┬──────────────────────────────────────┬───────┬─────────────────────────────────────────┬─────────────────────────────────────────┐
       │Бр│Субрах│         Кор.  рахунок                │ Коеф. │           За мiсяць                     │  З початку року                         │
       │гд│      ├──────┬──────────┬────────────────────┤ пере- ├─────────────┬─────────────┬─────────────┼─────────────┬─────────────┬─────────────┤
       │  │      │Субрах│  Код     │    Назва           │ воду  │ Кiлькiсть   │  Кормовi    │   Сума      │ Кiлькiсть   │  Кормовi    │   Сума      │
       │  │      │      │          │                    │       │             │  одиницi    │             │             │  одиницi    │             │
       └──┴──────┴──────┴──────────┴────────────────────┴───────┴─────────────┴─────────────┴─────────────┴─────────────┴─────────────┴─────────────┘
        99 999999 999999 9999999999 ХХХХХХХХХХХХХХХХХХХХ 99.9999 99'999'999.99 99'999'999.99 99'999'999.99 99'999'999.99 99'999'999.99 99'999'999.99
 1      53 202001 101001 1000000001
 2      53 202001 ******
 3      53 202
 4      53

M  Вiдомiсть реалiзацiї ( за перiод )  72
  ┌─────┬──────┬──────┬──────────┬───┬────────────────────┬─────────────────────────────────┬──────────────────────────────────────────────────────────────────────────┐
  │Hомер│Hомер │      │          │   │                    │       Обороти дебетов.          │             Обороти кредiтов.                                            │
  │папки│докум.│      │          │Опр│                    ├─────────────────────────────────┼──────────────────────────────────────────────────────────────────────────┤
  │     │      │Субрах│ Код      │   │      Назва         │           За мiсяць             │                  За мiсяц                                                │
  │     │      │      │          │   │                    ├─────┬────────────┬──────────────┼─────┬────────────┬────────────┬──────────────┬─────────────┬─────────────┤
  │     │      │      │          │   │                    │Голiв│ Фiзична    │    Сума      │Голiв│  Залiкова  │ Фiзична    │     Сума     │  67 - 1     │    68       │
  │     │      │      │          │   │                    │     │ вага       │              │     │    вага    │  вага      │              │             │             │
  └─────┴──────┴──────┴──────────┴───┴────────────────────┴─────┴────────────┴──────────────┴─────┴────────────┴────────────┴──────────────┴─────────────┴─────────────┘
   99999 999999 999999 9999999999 99√ 99 999999 999999999 99999 9'999'999.99 999'999'999.99 99999 9'999'999.99 9'999'999.99 999'999'999.99 99'999'999.99 99'999'999.99
1  00001 000002 461001 1000000001 22
2               461001 1000000001 22 По опер
3               461001 1000000001    По анал. коду
4               461001               По анал. рахунку
5               461                  По субрахунку
6               46                   По рахунку

   Вiдомiсть облiку грошових коштiв за перiод 73
  ┌─────┬──────┬──────┬──────┬──────────┬──────┬──────────┬──┬────────────────────┬─────────────────────────────┬────────────┬────────────┬─────────────────────────────┐
  │Hомер│Hомер │Номер │Рахун.│          │Kорр. │          │Ко│                    │    Вхiдне     сальдо        │            │            │        Вихiдне   сальдо     │
  │папки│докум │докум1│      │          │рахун.│          │д │                    ├──────────────┬──────────────┤   Дебет    │ Kредiт     ├──────────────┬──────────────┤
  │     │      │      │      │  Код     │      │ Код      │оп│    Назва           │   Дебет      │    Kредiт    │            │            │       Дебет  │    Kредiт    │
  └─────┴──────┴──────┴──────┴──────────┴──────┴──────────┴──┴────────────────────┴──────────────┴──────────────┴────────────┴────────────┴──────────────┴──────────────┘
   99999 999999 999999 999999 9999999999 999999 9999999999 99 ХХХХХХХХХХХХХХХХХХХХ 999'999'999.99 999'999'999.99 9'999'999.99 9'999'999.99 999'999'999.99 999'999'999.99
1  00001 000005 000006 706001 001        200001 1000000001 01
2                      706001 001        200001            ** По кор. рахунку
3                      706001 001        ******            ** По ан. коду
4                      706001 ***        ******            ** По ан. рахунку
5                      706    ***        ******            ** По субрах
6                      70     ***        ******            ** по рах

          Вибiрка по партнеру / аналiтичному коду N 74
         ┌─────┬──────┬────────┬──────┬──────┬──────────┬────────────────────┬──────────────┬──────────────┬──────┬──────────────┬──────────────┐
         │Hомер│Hомер │  Дата  │Hомер │Субрах│ Аналiт.  │  Назва             │     Дебет    │     Kредiт   │ Голiв│     Kiл. 1   │     Kiл.2    │
         │папки│докум.│        │док. 1│      │  код     │                    │              │              │      │              │              │
         └─────┴──────┴────────┴──────┴──────┴──────────┴────────────────────┴──────────────┴──────────────┴──────┴──────────────┴──────────────┘
          99999 999999 99/99/99 999999 999999 9999999999 ХХХХХХХХХХХХХХХХХХХХ 999'999'999.99 999'999'999.99 999999 999'999'999.99 999'999'999.99
1         00001 000005
2         Разом за мiсяць

        Звiт про валовi витрати  N 75
        ┌─────┬──────┬──────┬──────────┬────────────────────┬──┬──────────────────────────────────────┬──────────────┬──────────────┐
        │Hомер│ Hомер│      │          │                    │  │        Kорр. рахунок                 │  За перiод   │ З поч. року  │
        │папки│докум.│Рахун.│          │  Назва             │Оп├──────┬──────────┬────────────────────┤              │              │
        │     │      │      │   Kод    │                    │  │Рахун.│ Код      │    Hазва           │     Сума     │      Сума    │
        └─────┴──────┴──────┴──────────┴────────────────────┴──┴──────┴──────────┴────────────────────┴──────────────┴──────────────┘
         99999 999999 999999 9999999999 ХХХХХХХХХХХХХХХХХХХХ 99        9999999999                      999'999'999.99 999'999'999.99
 1       00001 000002 202001 1000000001 ******************** 01
 2                    202001                                 01
 3                    202001
 4                    202
 5                    20
 6                    **

      Звiт про валовi доходи N 76
        ┌─────┬──────┬──────┬──────────┬────────────────────┬──┬───────┬──────────────────────────────────────┬──────────────┬──────────────┐
        │Hомер│ Hомер│      │          │                    │  │       │        Kорр. рахунок                 │  За перiод   │ З поч. року  │
        │папки│докум.│Рахун.│          │  Назва             │Оп│ Номер ├──────┬──────────┬────────────────────┤              │              │
        │     │      │      │   Kод    │                    │  │ Док 1 │Рахун.│ Код      │    Hазва           │     Сума     │      Сума    │
        └─────┴──────┴──────┴──────────┴────────────────────┴──┴───────┴──────┴──────────┴────────────────────┴──────────────┴──────────────┘
         99999 999999 999999 9999999999 ХХХХХХХХХХХХХХХХХХХХ 99 999999  999999 9999999999                      999'999'999.99 999'999'999.99
 1       00001 000002 460001 1000000001 ******************** 01 100000
 2       Разом
