---------------------------------------------------------------------------------------------------------------------------------------
|Iнвент.|    Назва        |Бри-|МВО| Субрахунок  | Субрахунок  |  Дата   |  Дата   |Кiлькiсть |  Вартiсть  |  Ост. вартiсть|Гру|Проц. |
| номер |                 |гада|   | облiку ОЗ   |   облiку    |  випуску|  ввода  |          |            |               |па |амморт|
|       |                 |    |   |             |   витрат    |         | в експл.|          |            |               |   |      |
|-------|-----------------|----|---|-------------|-------------|---------|---------|----------|- ----------|---------------|---|------|
|       |                 |    |   |             |             |         |         |          |            |               |   |      |
|-------|-----------------|----|---|-------------|-------------|---------|---------|----------|- ----------|---------------|---|------|
|       |                 |    |   |             |             |         |         |          |            |               |   |      |
|-------|-----------------|----|---|-------------|-------------|---------|---------|----------|- ----------|---------------|---|------|
|       |                 |    |   |             |             |         |         |          |            |               |   |      |
|-------|-----------------|----|---|-------------|-------------|---------|---------|----------|- ----------|---------------|---|------|
|       |                 |    |   |             |             |         |         |          |            |               |   |      |
|-------|-----------------|----|---|-------------|-------------|---------|---------|----------|- ----------|---------------|---|------|
|       |                 |    |   |             |             |         |         |          |            |               |   |      |
|-------|-----------------|----|---|-------------|-------------|---------|---------|----------|- ----------|---------------|---|------|
|       |                 |    |   |             |             |         |         |          |            |               |   |      |
|-------|-----------------|----|---|-------------|-------------|---------|---------|----------|- ----------|---------------|---|------|
|       |                 |    |   |             |             |         |         |          |            |               |   |      |
|-------|-----------------|----|---|-------------|-------------|---------|---------|----------|- ----------|---------------|---|------|
|       |                 |    |   |             |             |         |         |          |            |               |   |      |
|-------|-----------------|----|---|-------------|-------------|---------|---------|----------|- ----------|---------------|---|------|
|       |                 |    |   |             |             |         |         |          |            |               |   |      |
|-------|-----------------|----|---|-------------|-------------|---------|---------|----------|- ----------|---------------|---|------|
|       |                 |    |   |             |             |         |         |          |            |               |   |      |
|-------|-----------------|----|---|-------------|-------------|---------|---------|----------|- ----------|---------------|---|------|
|       |                 |    |   |             |             |         |         |          |            |               |   |      |
|-------|-----------------|----|---|-------------|-------------|---------|---------|----------|- ----------|---------------|---|------|
|       |                 |    |   |             |             |         |         |          |            |               |   |      |
|-------|-----------------|----|---|-------------|-------------|---------|---------|----------|- ----------|---------------|---|------|
|       |                 |    |   |             |             |         |         |          |            |               |   |      |
|-------|-----------------|----|---|-------------|-------------|---------|---------|----------|- ----------|---------------|---|------|
|       |                 |    |   |             |             |         |         |          |            |               |   |      |
|-------|-----------------|----|---|-------------|-------------|---------|---------|----------|- ----------|---------------|---|------|
|       |                 |    |   |             |             |         |         |          |            |               |   |      |
|-------|-----------------|----|---|-------------|-------------|---------|---------|----------|- ----------|---------------|---|------|
|       |                 |    |   |             |             |         |         |          |            |               |   |      |
|-------|-----------------|----|---|-------------|-------------|---------|---------|----------|- ----------|---------------|---|------|
|       |                 |    |   |             |             |         |         |          |            |               |   |      |
|-------|-----------------|----|---|-------------|-------------|---------|---------|----------|- ----------|---------------|---|------|
|       |                 |    |   |             |             |         |         |          |            |               |   |      |
|-------|-----------------|----|---|-------------|-------------|---------|---------|----------|- ----------|---------------|---|------|
|       |                 |    |   |             |             |         |         |          |            |               |   |      |
|-------|-----------------|----|---|-------------|-------------|---------|---------|----------|- ----------|---------------|---|------|
|       |                 |    |   |             |             |         |         |          |            |               |   |      |
|-------|-----------------|----|---|-------------|-------------|---------|---------|----------|- ----------|---------------|---|------|
|       |                 |    |   |             |             |         |         |          |            |               |   |      |
|-------|-----------------|----|---|-------------|-------------|---------|---------|----------|- ----------|---------------|---|------|
|       |                 |    |   |             |             |         |         |          |            |               |   |      |
|-------|-----------------|----|---|-------------|-------------|---------|---------|----------|- ----------|---------------|---|------|
|       |                 |    |   |             |             |         |         |          |            |               |   |      |
|-------|-----------------|----|---|-------------|-------------|---------|---------|----------|- ----------|---------------|---|------|
|       |                 |    |   |             |             |         |         |          |            |               |   |      |
|-------|-----------------|----|---|-------------|-------------|---------|---------|----------|- ----------|---------------|---|------|
|       |                 |    |   |             |             |         |         |          |            |               |   |      |
|-------|-----------------|----|---|-------------|-------------|---------|---------|----------|- ----------|---------------|---|------|
|       |                 |    |   |             |             |         |         |          |            |               |   |      |
|-------|-----------------|----|---|-------------|-------------|---------|---------|----------|- ----------|---------------|---|------|
|       |                 |    |   |             |             |         |         |          |            |               |   |      |
|-------|-----------------|----|---|-------------|-------------|---------|---------|----------|- ----------|---------------|---|------|
|       |                 |    |   |             |             |         |         |          |            |               |   |      |
|-------|-----------------|----|---|-------------|-------------|---------|---------|----------|- ----------|---------------|---|------|
|       |                 |    |   |             |             |         |         |          |            |               |   |      |
|-------|-----------------|----|---|-------------|-------------|---------|---------|----------|- ----------|---------------|---|------|
