

i=          1 a_tabl[]= ┌─────┬──────┬───────┬────┬─────┬─────┬──────┬─────────────────────┬──────────┬───────┬───────────────────┬──────────┬───────────────────┬───┬───────────────────┬───┬───────────────────┬───────┬───────────────────┬──────────┬───────────────────┬───┬───────────────────┬───┬───────────────────┬───┬───────────────────┬──────────┬──────────────────┬──────────────────┬──────────────────┐
i=          2 a_tabl[]= │Номер│Номер │ Дата  │Таб.│Номер│Розр.│Дод.  │       Примiтка      │ Договiр  │ Дебет │  Назва            │   Код    │  Назва            │Оде│    Ф.I.Б          │Код│  Назва            │ Кредiт│  Назва            │   Код    │  Назва            │Отп│    Ф.I.Б          │Код│  Назва            │Код│  Назва            │  Голов   │     Кiлькiсть    │     Кiлькiсть    │     Сума         │
i=          3 a_tabl[]= │папки│докум.│докум. │ном.│     │мiс. │докум.│                     │          │       │                   │          │                   │рж.│                   │брг│                   │       │                   │          │                   │рав│                   │брг│                   │оп │                   │          │         1        │         2        │                  │
i=          4 a_tabl[]= └─────┴──────┴───────┴────┴─────┴─────┴──────┴─────────────────────┴──────────┴───────┴───────────────────┴──────────┴───────────────────┴───┴───────────────────┴───┴───────────────────┴───────┴───────────────────┴──────────┴───────────────────┴───┴───────────────────┴───┴───────────────────┴───┴───────────────────┴──────────┴──────────────────┴──────────────────┴──────────────────┘


i=          1 a_tabl[]= 01 / NIL / NIL / Номер пачки          / .T.
i=          2 a_tabl[]= 01 / NIL / NIL / Номер документа      / .T.
i=          3 a_tabl[]= 01 / NIL / NIL / Дата документа       / .F.
i=          4 a_tabl[]= 01 / NIL / NIL / Табельний номер      / .F.
i=          5 a_tabl[]= 01 / NIL / NIL / Номер                / .F.
i=          6 a_tabl[]= 01 / NIL / NIL / Розрахунковий перiод / .F.
i=          7 a_tabl[]= 01 / NIL / NIL / Номер додаткового до / .F.
i=          8 a_tabl[]= 01 / NIL / NIL / Примiтка             / .F.
i=          9 a_tabl[]= 01 / NIL / NIL / Номер договiру       / .F.
i=         10 a_tabl[]= 01 / NIL / NIL / Дебет                / .T.
i=         11 a_tabl[]= 01 / NIL / NIL / Назва                / .T.
i=         12 a_tabl[]= 01 / NIL / NIL /     Код              / .T.
i=         13 a_tabl[]= 01 / NIL / NIL / Назва                / .T.
i=         14 a_tabl[]= 01 / NIL / NIL /     Одержувач        / .T.
i=         15 a_tabl[]= 01 / NIL / NIL /     Ф.I.Б.           / .T.
i=         16 a_tabl[]= 01 / NIL / NIL /     Бригада 1        / .T.
i=         17 a_tabl[]= 01 / NIL / NIL / Назва                / .T.
i=         18 a_tabl[]= 01 / NIL / NIL / Кредiт               / .T.
i=         19 a_tabl[]= 01 / NIL / NIL / Назва                / .T.
i=         20 a_tabl[]= 01 / NIL / NIL /     Код              / .T.
i=         21 a_tabl[]= 01 / NIL / NIL / Назва                / .T.
i=         22 a_tabl[]= 01 / NIL / NIL /     Вiдправник       / .T.
i=         23 a_tabl[]= 01 / NIL / NIL /     Ф.I.Б.           / .T.
i=         24 a_tabl[]= 01 / NIL / NIL /     Бригада 2        / .T.
i=         25 a_tabl[]= 01 / NIL / NIL / Назва                / .T.
i=         26 a_tabl[]= 01 / NIL / NIL /     Код операцiї     / .T.
i=         27 a_tabl[]= 01 / NIL / NIL / Назва                / .T.
i=         28 a_tabl[]= 04 / NIL /          2 /     Голiв            / .T.
i=         29 a_tabl[]= 04 / NIL /          2 /     Кiлькiсть        / .T.
i=         30 a_tabl[]= 04 / NIL /          2 /     Кiлькiсть 2      / .T.
i=         31 a_tabl[]= 03 / NIL / NIL /     Сума             / .T.


#          1          7 .T.
#          2         14 .T.
#          3         22 .F.
#          4         19 .F.
#          5         20 .F.
#          6         20 .F.
#          7         21 .F.
#          8         36 .F.
#          9         25 .F.
#         10         22 .T.
#         11         42 .T.
#         12         53 .T.
#         13         73 .T.
#         14         77 .T.
#         15         97 .T.
#         16        101 .T.
#         17        121 .T.
#         18        129 .T.
#         19        149 .T.
#         20        160 .T.
#         21        180 .T.
#         22        184 .T.
#         23        204 .T.
#         24        208 .T.
#         25        228 .T.
#         26        232 .T.
#         27        252 .T.
#         28        263 .T.
#         29        282 .T.
#         30        301 .T.

i=          1 n_pos[]=          1
i=          2 n_pos[]=          7
i=          3 n_pos[]=         14
i=          4 n_pos[]=         22
i=          5 n_pos[]=         42
i=          6 n_pos[]=         53
i=          7 n_pos[]=         73
i=          8 n_pos[]=         77
i=          9 n_pos[]=         97
i=         10 n_pos[]=        101
i=         11 n_pos[]=        121
i=         12 n_pos[]=        129
i=         13 n_pos[]=        149
i=         14 n_pos[]=        160
i=         15 n_pos[]=        180
i=         16 n_pos[]=        184
i=         17 n_pos[]=        204
i=         18 n_pos[]=        208
i=         19 n_pos[]=        228
i=         20 n_pos[]=        232
i=         21 n_pos[]=        252
i=         22 n_pos[]=        263
i=         23 n_pos[]=        282
i=         24 n_pos[]=        301
i=         25 n_pos[]=        320

i=          1 a_tabl[]= -------------------------------------------------------------------------------------------------------------------------------------------------------------------------------------------------------------------------------------------------------------------------------------------------------------------------------|
i=          2 a_tabl[]= |Номер|Номер | Дебет |  Назва            |   Код    |  Назва            |Оде|    Ф.I.Б          |Код|  Назва            | Кредiт|  Назва            |   Код    |  Назва            |Отп|    Ф.I.Б          |Код|  Назва            |Код|  Назва            |  Голов   |     Кiлькiсть    |     Кiлькiсть    |     Сума         |
i=          3 a_tabl[]= |папки|докум.|       |                   |          |                   |рж.|                   |брг|                   |       |                   |          |                   |рав|                   |брг|                   |оп |                   |          |         1        |         2        |                  |
i=          4 a_tabl[]= --------------------------------------------------------------------------------------------------------------------------------------------------------------------------------------------------------------------------------------------------------------------------------------------------------------------------------!26/08/00                                                                                                                                            Реєстр проводок Пачки N                                                                                                                                           Лист N  1
-------------------------------------------------------------------------------------------------------------------------------------------------------------------------------------------------------------------------------------------------------------------------------------------------------------------------------|
|Номер|Номер | Дебет |  Назва            |   Код    |  Назва            |Оде|    Ф.I.Б          |Код|  Назва            | Кредiт|  Назва            |   Код    |  Назва            |Отп|    Ф.I.Б          |Код|  Назва            |Код|  Назва            |  Голов   |     Кiлькiсть    |     Кiлькiсть    |     Сума         |
|папки|докум.|       |                   |          |                   |рж.|                   |брг|                   |       |                   |          |                   |рав|                   |брг|                   |оп |                   |          |         1        |         2        |                  |
--------------------------------------------------------------------------------------------------------------------------------------------------------------------------------------------------------------------------------------------------------------------------------------------------------------------------------
     3      5 103005  Телятник комплекса  1002       Карпенко А.И.       14  Комарь И.Г.         10  ТПБ-3 Партизан      201001  Доставка кормов     14095961   КО "Дари ланiв"     11  Балмышнова Л.В.                             A1  Плем.продажа                 1                  1                  2               6.00
     2      2 3000000                                                                                                    4000000                                                                                                                                     0                  0                  0               2.00
              700000                      1001       Кроливец Г.П.                                                       103000  Общего назн.здания                                                                                                                  0                  0                  0               1.00
 2     3      7100000                                                                                                    4000000                                                                                                                                     0                  0                  0               0.00
    44     45 700000                      1001       Кроливец Г.П.       12                                              701000                                                     12                                                                               0                  0                  0               1.00
   100      2 103000  Общего назн.здания                                                                                 103000  Общего назн.здания                                                                                                                  0                  0                  2               5.00
   888    889 900000                                                                                                     103000  Общего назн.здания                                                                                                                  0                  0                  6               7.00
              700000                      1001       Кроливец Г.П.                                                       700000                      1002       Карпенко А.И.                                                                                        0                  0                  8               9.00
              103000  Общего назн.здания                                                                                 103000  Общего назн.здания                                                                                                                  0                  0                 10              11.00

  6  1  1  28  42.00