зддддддбдддддддбддддддбдддддддбдддддддддддддддддддддбдддбдбдддддддддддддддддддбдддбдддддддддддддддддддбдддбдддддддддддддддддддбдддбдддддддддддддддддддбддддддбдддддддддддддддддддбддддддддддбдддддддддддддддддддбддддддбдддддддддддддддддддбддддддддддбдддддддддддддддддддбддддддддддбддддддддддддддддддбддддддддддддддддддбдддддддддддддддддддд©
Ё█╝╛╔Ю Ё └═Б═  Ё░╝╖Ю. Ё█╝╛╔Ю  Ё       ▐Ю╗╛iБ╙═      Ё┼╝╓Ё Ё  █═╖╒═            Ё┼╝╓Ё  █═╖╒═            Ё▌Б╞Ё    ■.I.│          Ё▌╓╔Ё    ■.I.│          Ё└╔║╔Б Ё  █═╖╒═            Ё   ┼╝╓    Ё  █═╖╒═            Ё┼Ю╔╓iБЁ  █═╖╒═            Ё   ┼╝╓    Ё  █═╖╒═            Ё  ┐╝╚╝╒   Ё     ┼i╚Л╙iАБЛ    Ё     ┼i╚Л╙iАБЛ    Ё       ▒Ц╛═         Ё
Ё╓╝╙Ц╛.Ё╓╝╙Ц╛. Ё╛iАОФЛЁ╓╝╓ ╓╝╙Ё                     Ё╝╞ Ё Ё                   Ё║ЮёЁ                   ЁЮ═╒Ё                   ЁЮ╕.Ё                   Ё      Ё                   Ё          Ё                   Ё      Ё                   Ё          Ё                   Ё          Ё         1        Ё         2        Ё                    Ё
юддддддадддддддаддддддадддддддадддддддддддддддддддддадддададддддддддддддддддддадддадддддддддддддддддддадддадддддддддддддддддддадддадддддддддддддддддддаддддддадддддддддддддддддддаддддддддддадддддддддддддддддддаддддддадддддддддддддддддддаддддддддддадддддддддддддддддддаддддддддддаддддддддддддддддддаддддддддддддддддддадддддддддддддддддддды
   1        2      3      4             5             6  7        8             9         10            11         12          13         14             15          16               17              18           19          20                 21           22                23          24                25                26
зддддддбдддбдбдддбдддбдддбддддддбддддддддддбддддддбддддддддддбддддддддддбддддддддддддддддддбддддддддддддддддддбдддддддддддддддддддд©
Ё█╝╛╔Ю Ё┼╝╓Ё Ё┼╝╓Ё▌Б╞Ё▌╓╔Ё└╔║╔Б Ё   ┼╝╓    Ё┼Ю╔╓iБЁ   ┼╝╓    Ё  ┐╝╚╝╒   Ё     ┼i╚Л╙iАБЛ    Ё     ┼i╚Л╙iАБЛ    Ё       ▒Ц╛═         Ё
Ё╓╝╙Ц╛.Ё╝╞ Ё Ё║ЮёЁЮ═╒ЁЮ╕.Ё      Ё          Ё      Ё          Ё          Ё         1        Ё         2        Ё                    Ё
юддддддадддададддадддадддаддддддаддддддддддаддддддаддддддддддаддддддддддаддддддддддддддддддаддддддддддддддддддадддддддддддддддддддды
    1    2  3  4   5   6     7      8         9       10         11              12                14                 15
зддддддбдддбдбдддбдддбдддбддддддбддддддбддддддддддддддддддбдддддддддддддддддддд©
Ё█╝╛╔Ю Ё┼╝╓Ё Ё┼╝╓Ё▌Б╞Ё▌╓╔Ё└╔║╔Б Ё┼Ю╔╓iБЁ     ┼i╚Л╙iАБЛ    Ё       ▒Ц╛═         Ё
Ё╓╝╙Ц╛.Ё╝╞ Ё Ё║ЮёЁЮ═╒ЁЮ╕.Ё      Ё      Ё         2        Ё                    Ё
юддддддадддададддадддадддаддддддаддддддаддддддддддддддддддадддддддддддддддддддды
    1    2  3  4   5   6     7     9           14                 15                 
