здддддбддддддбдддддддбддддбдддддбдддддбддддддбдддддддддддддддддддддбддддддддддбддддддбдддддддддддддддддддбддддддддддбдддддддддддддддддддбдддбдддддддддддддддддддбдддбдддддддддддддддддддбддддддбдддддддддддддддддддбддддддддддбдддддддддддддддддддбдддбдддддддддддддддддддбдддбдддддддддддддддддддбдддбдддддддддддддддддддбддддддддддбддддддддддддддддддбддддддддддддддддддбдддддддддддддддддддд©
Ё█╝╛╔ЮЁ█╝╛╔Ю Ё └═Б═  Ё▓═║.Ё█╝╛╔ЮЁ░╝╖Ю.Ё└╝╓.  Ё       ▐Ю╗╛iБ╙═      Ё └╝ё╝╒iЮ  Ё└╔║╔Б Ё  █═╖╒═            Ё   ┼╝╓    Ё  █═╖╒═            Ё▌╓╔Ё    ■.I.│          Ё┼╝╓Ё  █═╖╒═            Ё┼Ю╔╓iБЁ  █═╖╒═            Ё   ┼╝╓    Ё  █═╖╒═            Ё▌Б╞Ё    ■.I.│          Ё┼╝╓Ё  █═╖╒═            Ё┼╝╓Ё  █═╖╒═            Ё  ┐╝╚╝╒   Ё     ┼i╚Л╙iАБЛ    Ё     ┼i╚Л╙iАБЛ    Ё       ▒Ц╛═         Ё
Ё╞═╞╙╗Ё╓╝╙Ц╛.Ё╓╝╙Ц╛. Ё╜╝╛.Ё     Ё╛iА. Ё╓╝╙Ц╛.Ё                     Ё          Ё      Ё                   Ё          Ё                   ЁЮ╕.Ё                   Ё║ЮёЁ                   Ё      Ё                   Ё          Ё                   ЁЮ═╒Ё                   Ё║ЮёЁ                   Ё╝╞ Ё                   Ё          Ё         1        Ё         2        Ё                    Ё
юдддддаддддддадддддддаддддадддддадддддаддддддадддддддддддддддддддддаддддддддддаддддддадддддддддддддддддддаддддддддддадддддддддддддддддддадддадддддддддддддддддддадддадддддддддддддддддддаддддддадддддддддддддддддддаддддддддддадддддддддддддддддддадддадддддддддддддддддддадддадддддддддддддддддддадддадддддддддддддддддддаддддддддддаддддддддддддддддддаддддддддддддддддддадддддддддддддддддддды
  1      2       3     4     5     6     7            8                    9     10           11               12          13            14          15           16          17           18              19           20            21           22           23          24         25           26        27                28          29                 30                 31
