здддддбддддддбдддддддбддддбдддддбдддддбддддддбдддддддддддддддддддддбддддддддддбдддддддбдддддддддддддддддддбддддддддддбдддддддддддддддддддбдддбдддддддддддддддддддбдддбдддддддддддддддддддбдддддддбдддддддддддддддддддбддддддддддбдддддддддддддддддддбдддбдддддддддддддддддддбдддбдддддддддддддддддддбдддбдддддддддддддддддддбддддддддддбддддддддддддддддддбддддддддддддддддддбдддддддддддддддддд©
Ё█╝╛╔ЮЁ█╝╛╔Ю Ё └═Б═  Ё▓═║.Ё█╝╛╔ЮЁ░╝╖Ю.Ё└╝╓.  Ё       ▐Ю╗╛iБ╙═      Ё └╝ё╝╒iЮ  Ё └╔║╔Б Ё  █═╖╒═            Ё   ┼╝╓    Ё  █═╖╒═            Ё▌╓╔Ё    ■.I.│          Ё┼╝╓Ё  █═╖╒═            Ё ┼Ю╔╓iБЁ  █═╖╒═            Ё   ┼╝╓    Ё  █═╖╒═            Ё▌Б╞Ё    ■.I.│          Ё┼╝╓Ё  █═╖╒═            Ё┼╝╓Ё  █═╖╒═            Ё  ┐╝╚╝╒   Ё     ┼i╚Л╙iАБЛ    Ё     ┼i╚Л╙iАБЛ    Ё     ▒Ц╛═         Ё
Ё╞═╞╙╗Ё╓╝╙Ц╛.Ё╓╝╙Ц╛. Ё╜╝╛.Ё     Ё╛iА. Ё╓╝╙Ц╛.Ё                     Ё          Ё       Ё                   Ё          Ё                   ЁЮ╕.Ё                   Ё║ЮёЁ                   Ё       Ё                   Ё          Ё                   ЁЮ═╒Ё                   Ё║ЮёЁ                   Ё╝╞ Ё                   Ё          Ё         1        Ё         2        Ё                  Ё
юдддддаддддддадддддддаддддадддддадддддаддддддадддддддддддддддддддддаддддддддддадддддддадддддддддддддддддддаддддддддддадддддддддддддддддддадддадддддддддддддддддддадддадддддддддддддддддддадддддддадддддддддддддддддддаддддддддддадддддддддддддддддддадддадддддддддддддддддддадддадддддддддддддддддддадддадддддддддддддддддддаддддддддддаддддддддддддддддддаддддддддддддддддддадддддддддддддддддды
