    Структура файла БД: e:fp1.dbf
Поле   Имя поля    Тип        Длина    Точ
    1  NPCH        Символы        5           Номер пачки
    2  NDOC        Символы        6           Номер документа
    3  DDOC        Дата           8           Дата документа
    4  MNT         Символы        4           Расчетный период
    5  NDOC1       Символы        6           Номер дополнительного документа
    6  PRIM        Символы       20           Примечание
    7  NDOG        Символы       10           Номер договора
    8  TABN        Символы        4           Таб. номер
    9  NUM         Символы        5           Номер автомобиля/трактора
   10  MAKET       Символы        2           Макет ввода(вид документа)
   11  VNUM        Символы        6           Внутренний номер
   12  OPER        Символы        2           Кто ввел
   13  DVV         Дата           8           Дата ввода
   14  OPER1       Символы        6           Оператор исправлений
** Итого **                      93

. use e:fp2
    Структура файла БД: e:fp2.dbf
    Количество записей:       0
Поле   Имя поля    Тип        Длина    Точ
    1  VNUM        Символы        6           Внутренний номер
    2  DBT         Символы        7           Дебет
    3  COD1        Символы       10           Аналит. код дебета
    4  KPLH        Символы        2           Получателя /МОЛ/
    5  BRGD1       Символы        2           Бригада - затраты
    6  CRT         Символы        7           Кредит
    7  COD2        Символы       10           Аналит. код кредита
    8  BRGD2       Символы       10           Бригада - исполнитель
    9  OTP         Символы        2           Отправитель /МОЛ/
   10  KOPR        Символы        2           Статья затрат
   11  GLV         Числа          6           Голов
   12  KVO2        Числа         10      2    Количество - 2
   13  KVO         Числа         14      2    Количество
   14  STM         Числа         16      2    Сумма
   15  NDOC1       Символы        6           Номер дополнительного документа
** Итого **                     111

. quit
